Archive member included to satisfy reference by file (symbol)

/opt/Atollic_TrueSTUDIO_for_ARM_7.1.0/ARMTools/bin/../lib/gcc/arm-atollic-eabi/5.3.1/../../../../arm-atollic-eabi/lib/armv7e-m/fpu/libc_nano.a(lib_a-init.o)
                              HAL/STM32F4xx_HAL_Driver/CMSIS/Device/ST/STM32F4xx/Source/startup_stm32f429xx.o (__libc_init_array)
/opt/Atollic_TrueSTUDIO_for_ARM_7.1.0/ARMTools/bin/../lib/gcc/arm-atollic-eabi/5.3.1/../../../../arm-atollic-eabi/lib/armv7e-m/fpu/libc_nano.a(lib_a-memset.o)
                              HAL/STM32F4xx_HAL_Driver/stm32f4xx_hal_sd.o (memset)

Allocating common symbols
Common symbol       size              file

idleTaskStack       0xc0              RTOS/source/OsKernel.o
tickCounter         0x4               RTOS/source/OsKernel.o
uwTick              0x4               HAL/STM32F4xx_HAL_Driver/stm32f4xx_hal.o
pFlash              0x20              HAL/STM32F4xx_HAL_Driver/stm32f4xx_hal_flash.o
currentTask         0x4               RTOS/source/OsKernel.o
taskPrioList        0x80              RTOS/source/OsKernel.o
queueTbl            0x118             RTOS/source/OsQueue.o
semTbl              0x220             RTOS/source/OsSem.o
tasksCount          0x2               RTOS/source/OsTask.o
irqCounter          0x2               RTOS/source/OsKernel.o
taskTbl             0x1a0             RTOS/source/OsTask.o
tcbPtrTbl           0x20              RTOS/source/OsTask.o
highPrioTask        0x4               RTOS/source/OsKernel.o
TimHandle           0x3c              HAL/STM32F4xx_HAL_Driver/stm32f4xx_hal_timebase_tim_template.o
osMainStk           0xc0              RTOS/source/OsKernel.o

Memory Configuration

Name             Origin             Length             Attributes
FLASH            0x08000000         0x00200000         xr
RAM              0x20000000         0x00030000         xrw
MEMORY_B1        0x60000000         0x00000000         xr
CCMRAM           0x10000000         0x00010000         rw
*default*        0x00000000         0xffffffff

Linker script and memory map

LOAD /opt/Atollic_TrueSTUDIO_for_ARM_7.1.0/ARMTools/bin/../lib/gcc/arm-atollic-eabi/5.3.1/armv7e-m/fpu/crti.o
LOAD /opt/Atollic_TrueSTUDIO_for_ARM_7.1.0/ARMTools/bin/../lib/gcc/arm-atollic-eabi/5.3.1/armv7e-m/fpu/crtbegin.o
LOAD HAL/STM32F4xx_HAL_Driver/CMSIS/Device/ST/STM32F4xx/Source/startup_stm32f429xx.o
LOAD HAL/STM32F4xx_HAL_Driver/stm32f4xx_hal.o
LOAD HAL/STM32F4xx_HAL_Driver/stm32f4xx_hal_adc.o
LOAD HAL/STM32F4xx_HAL_Driver/stm32f4xx_hal_adc_ex.o
LOAD HAL/STM32F4xx_HAL_Driver/stm32f4xx_hal_can.o
LOAD HAL/STM32F4xx_HAL_Driver/stm32f4xx_hal_cec.o
LOAD HAL/STM32F4xx_HAL_Driver/stm32f4xx_hal_cortex.o
LOAD HAL/STM32F4xx_HAL_Driver/stm32f4xx_hal_crc.o
LOAD HAL/STM32F4xx_HAL_Driver/stm32f4xx_hal_cryp.o
LOAD HAL/STM32F4xx_HAL_Driver/stm32f4xx_hal_cryp_ex.o
LOAD HAL/STM32F4xx_HAL_Driver/stm32f4xx_hal_dac.o
LOAD HAL/STM32F4xx_HAL_Driver/stm32f4xx_hal_dac_ex.o
LOAD HAL/STM32F4xx_HAL_Driver/stm32f4xx_hal_dcmi.o
LOAD HAL/STM32F4xx_HAL_Driver/stm32f4xx_hal_dcmi_ex.o
LOAD HAL/STM32F4xx_HAL_Driver/stm32f4xx_hal_dfsdm.o
LOAD HAL/STM32F4xx_HAL_Driver/stm32f4xx_hal_dma.o
LOAD HAL/STM32F4xx_HAL_Driver/stm32f4xx_hal_dma2d.o
LOAD HAL/STM32F4xx_HAL_Driver/stm32f4xx_hal_dma_ex.o
LOAD HAL/STM32F4xx_HAL_Driver/stm32f4xx_hal_dsi.o
LOAD HAL/STM32F4xx_HAL_Driver/stm32f4xx_hal_eth.o
LOAD HAL/STM32F4xx_HAL_Driver/stm32f4xx_hal_flash.o
LOAD HAL/STM32F4xx_HAL_Driver/stm32f4xx_hal_flash_ex.o
LOAD HAL/STM32F4xx_HAL_Driver/stm32f4xx_hal_flash_ramfunc.o
LOAD HAL/STM32F4xx_HAL_Driver/stm32f4xx_hal_fmpi2c.o
LOAD HAL/STM32F4xx_HAL_Driver/stm32f4xx_hal_fmpi2c_ex.o
LOAD HAL/STM32F4xx_HAL_Driver/stm32f4xx_hal_gpio.o
LOAD HAL/STM32F4xx_HAL_Driver/stm32f4xx_hal_hash.o
LOAD HAL/STM32F4xx_HAL_Driver/stm32f4xx_hal_hash_ex.o
LOAD HAL/STM32F4xx_HAL_Driver/stm32f4xx_hal_hcd.o
LOAD HAL/STM32F4xx_HAL_Driver/stm32f4xx_hal_i2c.o
LOAD HAL/STM32F4xx_HAL_Driver/stm32f4xx_hal_i2c_ex.o
LOAD HAL/STM32F4xx_HAL_Driver/stm32f4xx_hal_i2s.o
LOAD HAL/STM32F4xx_HAL_Driver/stm32f4xx_hal_i2s_ex.o
LOAD HAL/STM32F4xx_HAL_Driver/stm32f4xx_hal_irda.o
LOAD HAL/STM32F4xx_HAL_Driver/stm32f4xx_hal_iwdg.o
LOAD HAL/STM32F4xx_HAL_Driver/stm32f4xx_hal_lptim.o
LOAD HAL/STM32F4xx_HAL_Driver/stm32f4xx_hal_ltdc.o
LOAD HAL/STM32F4xx_HAL_Driver/stm32f4xx_hal_ltdc_ex.o
LOAD HAL/STM32F4xx_HAL_Driver/stm32f4xx_hal_msp_template.o
LOAD HAL/STM32F4xx_HAL_Driver/stm32f4xx_hal_nand.o
LOAD HAL/STM32F4xx_HAL_Driver/stm32f4xx_hal_nor.o
LOAD HAL/STM32F4xx_HAL_Driver/stm32f4xx_hal_pccard.o
LOAD HAL/STM32F4xx_HAL_Driver/stm32f4xx_hal_pcd.o
LOAD HAL/STM32F4xx_HAL_Driver/stm32f4xx_hal_pcd_ex.o
LOAD HAL/STM32F4xx_HAL_Driver/stm32f4xx_hal_pwr.o
LOAD HAL/STM32F4xx_HAL_Driver/stm32f4xx_hal_pwr_ex.o
LOAD HAL/STM32F4xx_HAL_Driver/stm32f4xx_hal_qspi.o
LOAD HAL/STM32F4xx_HAL_Driver/stm32f4xx_hal_rcc.o
LOAD HAL/STM32F4xx_HAL_Driver/stm32f4xx_hal_rcc_ex.o
LOAD HAL/STM32F4xx_HAL_Driver/stm32f4xx_hal_rng.o
LOAD HAL/STM32F4xx_HAL_Driver/stm32f4xx_hal_rtc.o
LOAD HAL/STM32F4xx_HAL_Driver/stm32f4xx_hal_rtc_ex.o
LOAD HAL/STM32F4xx_HAL_Driver/stm32f4xx_hal_sai.o
LOAD HAL/STM32F4xx_HAL_Driver/stm32f4xx_hal_sai_ex.o
LOAD HAL/STM32F4xx_HAL_Driver/stm32f4xx_hal_sd.o
LOAD HAL/STM32F4xx_HAL_Driver/stm32f4xx_hal_sdram.o
LOAD HAL/STM32F4xx_HAL_Driver/stm32f4xx_hal_smartcard.o
LOAD HAL/STM32F4xx_HAL_Driver/stm32f4xx_hal_spdifrx.o
LOAD HAL/STM32F4xx_HAL_Driver/stm32f4xx_hal_spi.o
LOAD HAL/STM32F4xx_HAL_Driver/stm32f4xx_hal_sram.o
LOAD HAL/STM32F4xx_HAL_Driver/stm32f4xx_hal_tim.o
LOAD HAL/STM32F4xx_HAL_Driver/stm32f4xx_hal_tim_ex.o
LOAD HAL/STM32F4xx_HAL_Driver/stm32f4xx_hal_timebase_tim_template.o
LOAD HAL/STM32F4xx_HAL_Driver/stm32f4xx_hal_uart.o
LOAD HAL/STM32F4xx_HAL_Driver/stm32f4xx_hal_usart.o
LOAD HAL/STM32F4xx_HAL_Driver/stm32f4xx_hal_wwdg.o
LOAD HAL/STM32F4xx_HAL_Driver/stm32f4xx_ll_fmc.o
LOAD HAL/STM32F4xx_HAL_Driver/stm32f4xx_ll_fsmc.o
LOAD HAL/STM32F4xx_HAL_Driver/stm32f4xx_ll_sdmmc.o
LOAD HAL/STM32F4xx_HAL_Driver/stm32f4xx_ll_usb.o
LOAD RTOS/source/OsFlags.o
LOAD RTOS/source/OsKernel.o
LOAD RTOS/source/OsMutex.o
LOAD RTOS/source/OsQueue.o
LOAD RTOS/source/OsSem.o
LOAD RTOS/source/OsTask.o
LOAD RTOS/source/arch/OsPort_M0.o
LOAD RTOS/source/arch/OsPort_M0_a.o
LOAD RTOS/source/arch/OsPort_M7.o
LOAD RTOS/source/arch/OsPort_M7_a.o
LOAD main.o
LOAD stm32f4xx_hal_msp.o
LOAD stm32f4xx_it.o
LOAD system_stm32f4xx.o
START GROUP
LOAD /opt/Atollic_TrueSTUDIO_for_ARM_7.1.0/ARMTools/bin/../lib/gcc/arm-atollic-eabi/5.3.1/../../../../arm-atollic-eabi/lib/armv7e-m/fpu/libstdc++_nano.a
LOAD /opt/Atollic_TrueSTUDIO_for_ARM_7.1.0/ARMTools/bin/../lib/gcc/arm-atollic-eabi/5.3.1/../../../../arm-atollic-eabi/lib/armv7e-m/fpu/libsupc++_nano.a
END GROUP
                0x00001000                malloc_getpagesize_P = 0x1000
LOAD /opt/Atollic_TrueSTUDIO_for_ARM_7.1.0/ARMTools/bin/../lib/gcc/arm-atollic-eabi/5.3.1/../../../../arm-atollic-eabi/lib/armv7e-m/fpu/libstdc++_nano.a
LOAD /opt/Atollic_TrueSTUDIO_for_ARM_7.1.0/ARMTools/bin/../lib/gcc/arm-atollic-eabi/5.3.1/../../../../arm-atollic-eabi/lib/armv7e-m/fpu/libm.a
LOAD /opt/Atollic_TrueSTUDIO_for_ARM_7.1.0/ARMTools/bin/../lib/gcc/arm-atollic-eabi/5.3.1/../../../../arm-atollic-eabi/lib/armv7e-m/fpu/libc_nano.a
START GROUP
LOAD /opt/Atollic_TrueSTUDIO_for_ARM_7.1.0/ARMTools/bin/../lib/gcc/arm-atollic-eabi/5.3.1/armv7e-m/fpu/libgcc.a
LOAD /opt/Atollic_TrueSTUDIO_for_ARM_7.1.0/ARMTools/bin/../lib/gcc/arm-atollic-eabi/5.3.1/../../../../arm-atollic-eabi/lib/armv7e-m/fpu/libc_nano.a
END GROUP
START GROUP
LOAD /opt/Atollic_TrueSTUDIO_for_ARM_7.1.0/ARMTools/bin/../lib/gcc/arm-atollic-eabi/5.3.1/armv7e-m/fpu/libgcc.a
LOAD /opt/Atollic_TrueSTUDIO_for_ARM_7.1.0/ARMTools/bin/../lib/gcc/arm-atollic-eabi/5.3.1/../../../../arm-atollic-eabi/lib/armv7e-m/fpu/libc_nano.a
LOAD /opt/Atollic_TrueSTUDIO_for_ARM_7.1.0/ARMTools/bin/../lib/gcc/arm-atollic-eabi/5.3.1/../../../../arm-atollic-eabi/lib/armv7e-m/fpu/libnosys.a
END GROUP
START GROUP
LOAD /opt/Atollic_TrueSTUDIO_for_ARM_7.1.0/ARMTools/bin/../lib/gcc/arm-atollic-eabi/5.3.1/armv7e-m/fpu/libgcc.a
LOAD /opt/Atollic_TrueSTUDIO_for_ARM_7.1.0/ARMTools/bin/../lib/gcc/arm-atollic-eabi/5.3.1/../../../../arm-atollic-eabi/lib/armv7e-m/fpu/libc_nano.a
LOAD /opt/Atollic_TrueSTUDIO_for_ARM_7.1.0/ARMTools/bin/../lib/gcc/arm-atollic-eabi/5.3.1/../../../../arm-atollic-eabi/lib/armv7e-m/fpu/libnosys.a
END GROUP
LOAD /opt/Atollic_TrueSTUDIO_for_ARM_7.1.0/ARMTools/bin/../lib/gcc/arm-atollic-eabi/5.3.1/armv7e-m/fpu/crtend.o
LOAD /opt/Atollic_TrueSTUDIO_for_ARM_7.1.0/ARMTools/bin/../lib/gcc/arm-atollic-eabi/5.3.1/armv7e-m/fpu/crtn.o
                0x20030000                _estack = 0x20030000
                0x00000000                _Min_Heap_Size = 0x0
                0x00000400                _Min_Stack_Size = 0x400

.isr_vector     0x08000000      0x1ac
                0x08000000                . = ALIGN (0x4)
 *(.isr_vector)
 .isr_vector    0x08000000      0x1ac HAL/STM32F4xx_HAL_Driver/CMSIS/Device/ST/STM32F4xx/Source/startup_stm32f429xx.o
                0x08000000                g_pfnVectors
                0x080001ac                . = ALIGN (0x4)

.text           0x080001ac    0x3421c
                0x080001ac                . = ALIGN (0x4)
 *(.text)
 .text          0x080001ac        0x0 /opt/Atollic_TrueSTUDIO_for_ARM_7.1.0/ARMTools/bin/../lib/gcc/arm-atollic-eabi/5.3.1/armv7e-m/fpu/crti.o
 .text          0x080001ac       0x40 /opt/Atollic_TrueSTUDIO_for_ARM_7.1.0/ARMTools/bin/../lib/gcc/arm-atollic-eabi/5.3.1/armv7e-m/fpu/crtbegin.o
 .text          0x080001ec       0x14 HAL/STM32F4xx_HAL_Driver/CMSIS/Device/ST/STM32F4xx/Source/startup_stm32f429xx.o
 .text          0x08000200      0x370 HAL/STM32F4xx_HAL_Driver/stm32f4xx_hal.o
                0x08000200                HAL_Init
                0x08000238                HAL_DeInit
                0x080002e8                HAL_IncTick
                0x08000304                HAL_GetTick
                0x0800031c                HAL_Delay
                0x08000388                HAL_GetHalVersion
                0x0800039c                HAL_GetREVID
                0x080003b4                HAL_GetDEVID
                0x080003d0                HAL_DBGMCU_EnableDBGSleepMode
                0x080003f0                HAL_DBGMCU_DisableDBGSleepMode
                0x08000410                HAL_DBGMCU_EnableDBGStopMode
                0x08000430                HAL_DBGMCU_DisableDBGStopMode
                0x08000450                HAL_DBGMCU_EnableDBGStandbyMode
                0x08000470                HAL_DBGMCU_DisableDBGStandbyMode
                0x08000490                HAL_EnableCompensationCell
                0x080004c8                HAL_DisableCompensationCell
                0x08000500                HAL_EnableMemorySwappingBank
                0x08000538                HAL_DisableMemorySwappingBank
 .text          0x08000570     0x118c HAL/STM32F4xx_HAL_Driver/stm32f4xx_hal_adc.o
                0x08000570                HAL_ADC_Init
                0x080005f8                HAL_ADC_DeInit
                0x0800065c                HAL_ADC_MspInit
                0x08000670                HAL_ADC_MspDeInit
                0x08000684                HAL_ADC_Start
                0x080007cc                HAL_ADC_Stop
                0x08000834                HAL_ADC_PollForConversion
                0x08000938                HAL_ADC_PollForEvent
                0x080009e0                HAL_ADC_Start_IT
                0x08000b3c                HAL_ADC_Stop_IT
                0x08000bb8                HAL_ADC_IRQHandler
                0x08000e38                HAL_ADC_Start_DMA
                0x08000fd8                HAL_ADC_Stop_DMA
                0x0800106c                HAL_ADC_GetValue
                0x08001088                HAL_ADC_ConvCpltCallback
                0x0800109c                HAL_ADC_ConvHalfCpltCallback
                0x080010b0                HAL_ADC_LevelOutOfWindowCallback
                0x080010c4                HAL_ADC_ErrorCallback
                0x080010d8                HAL_ADC_ConfigChannel
                0x08001314                HAL_ADC_AnalogWDGConfig
                0x080013d4                HAL_ADC_GetState
                0x080013ec                HAL_ADC_GetError
 .text          0x080016fc      0xc6c HAL/STM32F4xx_HAL_Driver/stm32f4xx_hal_adc_ex.o
                0x080016fc                HAL_ADCEx_InjectedStart
                0x08001874                HAL_ADCEx_InjectedStart_IT
                0x080019fc                HAL_ADCEx_InjectedStop
                0x08001a94                HAL_ADCEx_InjectedPollForConversion
                0x08001b7c                HAL_ADCEx_InjectedStop_IT
                0x08001c24                HAL_ADCEx_InjectedGetValue
                0x08001c94                HAL_ADCEx_MultiModeStart_DMA
                0x08001e08                HAL_ADCEx_MultiModeStop_DMA
                0x08001e9c                HAL_ADCEx_MultiModeGetValue
                0x08001eb8                HAL_ADCEx_InjectedConvCpltCallback
                0x08001ecc                HAL_ADCEx_InjectedConfigChannel
                0x080021ec                HAL_ADCEx_MultiModeConfigChannel
 .text          0x08002368     0x13f0 HAL/STM32F4xx_HAL_Driver/stm32f4xx_hal_can.o
                0x08002368                HAL_CAN_Init
                0x080025b0                HAL_CAN_ConfigFilter
                0x0800274c                HAL_CAN_DeInit
                0x08002788                HAL_CAN_MspInit
                0x0800279c                HAL_CAN_MspDeInit
                0x080027b0                HAL_CAN_Transmit
                0x08002a9c                HAL_CAN_Transmit_IT
                0x08002ce4                HAL_CAN_Receive
                0x08002f50                HAL_CAN_Receive_IT
                0x08003004                HAL_CAN_Sleep
                0x080030b0                HAL_CAN_WakeUp
                0x08003158                HAL_CAN_IRQHandler
                0x08003484                HAL_CAN_TxCpltCallback
                0x08003498                HAL_CAN_RxCpltCallback
                0x080034ac                HAL_CAN_ErrorCallback
                0x080034c0                HAL_CAN_GetState
                0x080034dc                HAL_CAN_GetError
 .text          0x08003758        0x0 HAL/STM32F4xx_HAL_Driver/stm32f4xx_hal_cec.o
 .text          0x08003758      0x5c0 HAL/STM32F4xx_HAL_Driver/stm32f4xx_hal_cortex.o
                0x08003adc                HAL_NVIC_SetPriorityGrouping
                0x08003af4                HAL_NVIC_SetPriority
                0x08003b2c                HAL_NVIC_EnableIRQ
                0x08003b48                HAL_NVIC_DisableIRQ
                0x08003b64                HAL_NVIC_SystemReset
                0x08003b70                HAL_SYSTICK_Config
                0x08003b88                HAL_MPU_ConfigRegion
                0x08003c10                HAL_NVIC_GetPriorityGrouping
                0x08003c20                HAL_NVIC_GetPriority
                0x08003c4c                HAL_NVIC_SetPendingIRQ
                0x08003c68                HAL_NVIC_GetPendingIRQ
                0x08003c88                HAL_NVIC_ClearPendingIRQ
                0x08003ca4                HAL_NVIC_GetActive
                0x08003cc4                HAL_SYSTICK_CLKSourceConfig
                0x08003cfc                HAL_SYSTICK_IRQHandler
                0x08003d08                HAL_SYSTICK_Callback
 .text          0x08003d18      0x1a0 HAL/STM32F4xx_HAL_Driver/stm32f4xx_hal_crc.o
                0x08003d18                HAL_CRC_Init
                0x08003d58                HAL_CRC_DeInit
                0x08003d8c                HAL_CRC_MspInit
                0x08003da0                HAL_CRC_MspDeInit
                0x08003db4                HAL_CRC_Accumulate
                0x08003e20                HAL_CRC_Calculate
                0x08003e9c                HAL_CRC_GetState
 .text          0x08003eb8        0x0 HAL/STM32F4xx_HAL_Driver/stm32f4xx_hal_cryp.o
 .text          0x08003eb8        0x0 HAL/STM32F4xx_HAL_Driver/stm32f4xx_hal_cryp_ex.o
 .text          0x08003eb8      0x62c HAL/STM32F4xx_HAL_Driver/stm32f4xx_hal_dac.o
                0x08003eb8                HAL_DAC_Init
                0x08003efc                HAL_DAC_DeInit
                0x08003f38                HAL_DAC_MspInit
                0x08003f4c                HAL_DAC_MspDeInit
                0x08003f60                HAL_DAC_Start
                0x08004030                HAL_DAC_Stop
                0x08004068                HAL_DAC_Start_DMA
                0x080041c8                HAL_DAC_Stop_DMA
                0x0800424c                HAL_DAC_GetValue
                0x08004278                HAL_DAC_IRQHandler
                0x08004308                HAL_DAC_ConvCpltCallbackCh1
                0x0800431c                HAL_DAC_ConvHalfCpltCallbackCh1
                0x08004330                HAL_DAC_ErrorCallbackCh1
                0x08004344                HAL_DAC_DMAUnderrunCallbackCh1
                0x08004358                HAL_DAC_ConfigChannel
                0x080043f4                HAL_DAC_SetValue
                0x08004440                HAL_DAC_GetState
                0x0800445c                HAL_DAC_GetError
 .text          0x080044e4      0x21c HAL/STM32F4xx_HAL_Driver/stm32f4xx_hal_dac_ex.o
                0x080044e4                HAL_DACEx_DualGetValue
                0x08004518                HAL_DACEx_TriangleWaveGenerate
                0x08004580                HAL_DACEx_NoiseWaveGenerate
                0x080045e8                HAL_DACEx_DualSetValue
                0x08004640                HAL_DACEx_ConvCpltCallbackCh2
                0x08004654                HAL_DACEx_ConvHalfCpltCallbackCh2
                0x08004668                HAL_DACEx_ErrorCallbackCh2
                0x0800467c                HAL_DACEx_DMAUnderrunCallbackCh2
                0x08004690                DAC_DMAConvCpltCh2
                0x080046b4                DAC_DMAHalfConvCpltCh2
                0x080046d0                DAC_DMAErrorCh2
 .text          0x08004700      0x88c HAL/STM32F4xx_HAL_Driver/stm32f4xx_hal_dcmi.o
                0x0800481c                HAL_DCMI_DeInit
                0x0800484c                HAL_DCMI_MspInit
                0x08004860                HAL_DCMI_MspDeInit
                0x08004874                HAL_DCMI_Start_DMA
                0x080049b4                HAL_DCMI_Stop
                0x08004a6c                HAL_DCMI_Suspend
                0x08004b14                HAL_DCMI_Resume
                0x08004b6c                HAL_DCMI_IRQHandler
                0x08004c68                HAL_DCMI_ErrorCallback
                0x08004c7c                HAL_DCMI_LineEventCallback
                0x08004c90                HAL_DCMI_VsyncEventCallback
                0x08004ca4                HAL_DCMI_FrameEventCallback
                0x08004cb8                HAL_DCMI_ConfigCrop
                0x08004d54                HAL_DCMI_DisableCrop
                0x08004da8                HAL_DCMI_EnableCrop
                0x08004dfc                HAL_DCMI_GetState
                0x08004e18                HAL_DCMI_GetError
 .text          0x08004f8c      0x114 HAL/STM32F4xx_HAL_Driver/stm32f4xx_hal_dcmi_ex.o
                0x08004f8c                HAL_DCMI_Init
 .text          0x080050a0        0x0 HAL/STM32F4xx_HAL_Driver/stm32f4xx_hal_dfsdm.o
 .text          0x080050a0      0xcbc HAL/STM32F4xx_HAL_Driver/stm32f4xx_hal_dma.o
                0x080050a0                HAL_DMA_Init
                0x080051f4                HAL_DMA_DeInit
                0x0800528c                HAL_DMA_Start
                0x08005304                HAL_DMA_Start_IT
                0x080053c4                HAL_DMA_Abort
                0x080054a4                HAL_DMA_Abort_IT
                0x080054e8                HAL_DMA_PollForTransfer
                0x080056b0                HAL_DMA_IRQHandler
                0x080059d0                HAL_DMA_RegisterCallback
                0x08005a78                HAL_DMA_UnRegisterCallback
                0x08005b4c                HAL_DMA_GetState
                0x08005b68                HAL_DMA_GetError
 .text          0x08005d5c     0x1240 HAL/STM32F4xx_HAL_Driver/stm32f4xx_hal_dma2d.o
                0x08005d5c                HAL_DMA2D_Init
                0x08005df0                HAL_DMA2D_DeInit
                0x08005ec8                HAL_DMA2D_MspInit
                0x08005edc                HAL_DMA2D_MspDeInit
                0x08005ef0                HAL_DMA2D_Start
                0x08005f48                HAL_DMA2D_Start_IT
                0x08005fb0                HAL_DMA2D_BlendingStart
                0x08006010                HAL_DMA2D_BlendingStart_IT
                0x08006080                HAL_DMA2D_Abort
                0x08006110                HAL_DMA2D_Suspend
                0x080061b0                HAL_DMA2D_Resume
                0x080061ec                HAL_DMA2D_EnableCLUT
                0x0800624c                HAL_DMA2D_CLUTLoad
                0x0800634c                HAL_DMA2D_CLUTLoad_IT
                0x0800646c                HAL_DMA2D_CLUTLoading_Abort
                0x08006510                HAL_DMA2D_CLUTLoading_Suspend
                0x080065c0                HAL_DMA2D_CLUTLoading_Resume
                0x08006638                HAL_DMA2D_PollForTransfer
                0x08006808                HAL_DMA2D_IRQHandler
                0x08006a00                HAL_DMA2D_LineEventCallback
                0x08006a14                HAL_DMA2D_CLUTLoadingCpltCallback
                0x08006a28                HAL_DMA2D_ConfigLayer
                0x08006b88                HAL_DMA2D_ConfigCLUT
                0x08006c78                HAL_DMA2D_ProgramLineEvent
                0x08006ce4                HAL_DMA2D_EnableDeadTime
                0x08006d38                HAL_DMA2D_DisableDeadTime
                0x08006d8c                HAL_DMA2D_ConfigDeadTime
                0x08006e00                HAL_DMA2D_GetState
                0x08006e1c                HAL_DMA2D_GetError
 .text          0x08006f9c     0x15ac HAL/STM32F4xx_HAL_Driver/stm32f4xx_hal_dma_ex.o
                0x08006f9c                HAL_DMAEx_MultiBufferStart
                0x08007034                HAL_DMAEx_MultiBufferStart_IT
                0x080084c8                HAL_DMAEx_ChangeMemory
 .text          0x08008548        0x0 HAL/STM32F4xx_HAL_Driver/stm32f4xx_hal_dsi.o
 .text          0x08008548     0x1604 HAL/STM32F4xx_HAL_Driver/stm32f4xx_hal_eth.o
                0x08008548                HAL_ETH_Init
                0x08008880                HAL_ETH_DeInit
                0x080088b0                HAL_ETH_DMATxDescListInit
                0x08008984                HAL_ETH_DMARxDescListInit
                0x08008a60                HAL_ETH_MspInit
                0x08008a74                HAL_ETH_MspDeInit
                0x08008a88                HAL_ETH_TransmitFrame
                0x08008c5c                HAL_ETH_GetReceivedFrame
                0x08008d68                HAL_ETH_GetReceivedFrame_IT
                0x08008e7c                HAL_ETH_IRQHandler
                0x08008f48                HAL_ETH_TxCpltCallback
                0x08008f5c                HAL_ETH_RxCpltCallback
                0x08008f70                HAL_ETH_ErrorCallback
                0x08008f84                HAL_ETH_ReadPHYRegister
                0x08009054                HAL_ETH_WritePHYRegister
                0x08009120                HAL_ETH_Start
                0x08009180                HAL_ETH_Stop
                0x080091e0                HAL_ETH_ConfigMAC
                0x080093d0                HAL_ETH_ConfigDMA
                0x080094f0                HAL_ETH_GetState
 .text          0x08009b4c      0x600 HAL/STM32F4xx_HAL_Driver/stm32f4xx_hal_flash.o
                0x08009b4c                HAL_FLASH_Program
                0x08009bf4                HAL_FLASH_Program_IT
                0x08009c90                HAL_FLASH_IRQHandler
                0x08009dd4                HAL_FLASH_EndOfOperationCallback
                0x08009de8                HAL_FLASH_OperationErrorCallback
                0x08009dfc                HAL_FLASH_Unlock
                0x08009e30                HAL_FLASH_Lock
                0x08009e50                HAL_FLASH_OB_Unlock
                0x08009e88                HAL_FLASH_OB_Lock
                0x08009ea8                HAL_FLASH_OB_Launch
                0x08009ed0                HAL_FLASH_GetError
                0x08009ee8                FLASH_WaitForLastOperation
 .text          0x0800a14c      0xa44 HAL/STM32F4xx_HAL_Driver/stm32f4xx_hal_flash_ex.o
                0x0800a14c                HAL_FLASHEx_Erase
                0x0800a230                HAL_FLASHEx_Erase_IT
                0x0800a2dc                HAL_FLASHEx_OBProgram
                0x0800a3b8                HAL_FLASHEx_OBGetConfig
                0x0800a400                HAL_FLASHEx_AdvOBProgram
                0x0800a47c                HAL_FLASHEx_AdvOBGetConfig
                0x0800a4bc                HAL_FLASHEx_OB_SelectPCROP
                0x0800a4f0                HAL_FLASHEx_OB_DeSelectPCROP
                0x0800a520                HAL_FLASHEx_OB_GetBank2WRP
                0x0800a5ac                FLASH_Erase_Sector
                0x0800ab04                FLASH_FlushCaches
 .text          0x0800ab90        0x0 HAL/STM32F4xx_HAL_Driver/stm32f4xx_hal_flash_ramfunc.o
 .text          0x0800ab90        0x0 HAL/STM32F4xx_HAL_Driver/stm32f4xx_hal_fmpi2c.o
 .text          0x0800ab90        0x0 HAL/STM32F4xx_HAL_Driver/stm32f4xx_hal_fmpi2c_ex.o
 .text          0x0800ab90      0x68c HAL/STM32F4xx_HAL_Driver/stm32f4xx_hal_gpio.o
                0x0800ab90                HAL_GPIO_Init
                0x0800aee4                HAL_GPIO_DeInit
                0x0800b0fc                HAL_GPIO_ReadPin
                0x0800b12c                HAL_GPIO_WritePin
                0x0800b160                HAL_GPIO_TogglePin
                0x0800b184                HAL_GPIO_LockPin
                0x0800b1d4                HAL_GPIO_EXTI_IRQHandler
                0x0800b204                HAL_GPIO_EXTI_Callback
 .text          0x0800b21c        0x0 HAL/STM32F4xx_HAL_Driver/stm32f4xx_hal_hash.o
 .text          0x0800b21c        0x0 HAL/STM32F4xx_HAL_Driver/stm32f4xx_hal_hash_ex.o
 .text          0x0800b21c     0x18b0 HAL/STM32F4xx_HAL_Driver/stm32f4xx_hal_hcd.o
                0x0800b21c                HAL_HCD_Init
                0x0800b2b4                HAL_HCD_HC_Init
                0x0800b3c4                HAL_HCD_HC_Halt
                0x0800b40c                HAL_HCD_DeInit
                0x0800b448                HAL_HCD_MspInit
                0x0800b45c                HAL_HCD_MspDeInit
                0x0800b470                HAL_HCD_HC_SubmitRequest
                0x0800b794                HAL_HCD_IRQHandler
                0x0800b988                HAL_HCD_SOF_Callback
                0x0800b99c                HAL_HCD_Connect_Callback
                0x0800b9b0                HAL_HCD_Disconnect_Callback
                0x0800b9c4                HAL_HCD_HC_NotifyURBChange_Callback
                0x0800b9e0                HAL_HCD_Start
                0x0800ba28                HAL_HCD_Stop
                0x0800ba64                HAL_HCD_ResetPort
                0x0800ba80                HAL_HCD_GetState
                0x0800ba9c                HAL_HCD_HC_GetURBState
                0x0800bac8                HAL_HCD_HC_GetXferCount
                0x0800baf4                HAL_HCD_HC_GetState
                0x0800bb20                HAL_HCD_GetCurrentFrame
                0x0800bb3c                HAL_HCD_GetCurrentSpeed
 .text          0x0800cacc     0x4e68 HAL/STM32F4xx_HAL_Driver/stm32f4xx_hal_i2c.o
                0x0800cacc                HAL_I2C_Init
                0x0800cc8c                HAL_I2C_DeInit
                0x0800ccec                HAL_I2C_MspInit
                0x0800cd00                HAL_I2C_MspDeInit
                0x0800cd14                HAL_I2C_Master_Transmit
                0x0800cf2c                HAL_I2C_Master_Receive
                0x0800d390                HAL_I2C_Slave_Transmit
                0x0800d5c4                HAL_I2C_Slave_Receive
                0x0800d7e8                HAL_I2C_Master_Transmit_IT
                0x0800d91c                HAL_I2C_Master_Receive_IT
                0x0800da60                HAL_I2C_Master_Sequential_Transmit_IT
                0x0800dbd8                HAL_I2C_Master_Sequential_Receive_IT
                0x0800dd74                HAL_I2C_Slave_Transmit_IT
                0x0800deac                HAL_I2C_Slave_Receive_IT
                0x0800dfe0                HAL_I2C_Slave_Sequential_Transmit_IT
                0x0800e0c4                HAL_I2C_Slave_Sequential_Receive_IT
                0x0800e1a8                HAL_I2C_EnableListen_IT
                0x0800e214                HAL_I2C_DisableListen_IT
                0x0800e28c                HAL_I2C_Master_Transmit_DMA
                0x0800e470                HAL_I2C_Master_Receive_DMA
                0x0800e654                HAL_I2C_Master_Abort_IT
                0x0800e6e4                HAL_I2C_Slave_Transmit_DMA
                0x0800e87c                HAL_I2C_Slave_Receive_DMA
                0x0800ea14                HAL_I2C_Mem_Write
                0x0800ec28                HAL_I2C_Mem_Read
                0x0800f088                HAL_I2C_Mem_Write_IT
                0x0800f1d0                HAL_I2C_Mem_Read_IT
                0x0800f330                HAL_I2C_Mem_Write_DMA
                0x0800f514                HAL_I2C_Mem_Read_DMA
                0x0800f798                HAL_I2C_IsDeviceReady
                0x0800f9f4                HAL_I2C_EV_IRQHandler
                0x0800fbfc                HAL_I2C_ER_IRQHandler
                0x0800fd50                HAL_I2C_MasterTxCpltCallback
                0x0800fd64                HAL_I2C_MasterRxCpltCallback
                0x0800fd78                HAL_I2C_SlaveTxCpltCallback
                0x0800fd8c                HAL_I2C_SlaveRxCpltCallback
                0x0800fda0                HAL_I2C_AddrCallback
                0x0800fdbc                HAL_I2C_ListenCpltCallback
                0x0800fdd0                HAL_I2C_MemTxCpltCallback
                0x0800fde4                HAL_I2C_MemRxCpltCallback
                0x0800fdf8                HAL_I2C_ErrorCallback
                0x0800fe0c                HAL_I2C_AbortCpltCallback
                0x0800fe20                HAL_I2C_GetState
                0x0800fe3c                HAL_I2C_GetMode
                0x0800fe58                HAL_I2C_GetError
 .text          0x08011934       0xf8 HAL/STM32F4xx_HAL_Driver/stm32f4xx_hal_i2c_ex.o
                0x08011934                HAL_I2CEx_ConfigAnalogFilter
                0x080119ac                HAL_I2CEx_ConfigDigitalFilter
 .text          0x08011a2c      0xef4 HAL/STM32F4xx_HAL_Driver/stm32f4xx_hal_i2s.o
                0x08011b8c                HAL_I2S_DeInit
                0x08011bcc                HAL_I2S_MspInit
                0x08011be0                HAL_I2S_MspDeInit
                0x08011bf4                HAL_I2S_Transmit
                0x08011d2c                HAL_I2S_Receive
                0x08011e58                HAL_I2S_Transmit_IT
                0x08011f34                HAL_I2S_Receive_IT
                0x08012010                HAL_I2S_Transmit_DMA
                0x0801213c                HAL_I2S_Receive_DMA
                0x08012614                HAL_I2S_TxHalfCpltCallback
                0x08012628                HAL_I2S_TxCpltCallback
                0x0801263c                HAL_I2S_RxHalfCpltCallback
                0x08012650                HAL_I2S_RxCpltCallback
                0x08012664                HAL_I2S_ErrorCallback
                0x08012678                HAL_I2S_GetState
                0x08012694                HAL_I2S_GetError
                0x080126ac                I2S_DMATxHalfCplt
                0x080126c8                I2S_DMARxHalfCplt
                0x080126e4                I2S_DMAError
                0x08012720                I2S_Transmit_IT
                0x080127b4                I2S_Receive_IT
                0x08012870                I2S_WaitFlagStateUntilTimeout
 .text          0x08012920     0x17a8 HAL/STM32F4xx_HAL_Driver/stm32f4xx_hal_i2s_ex.o
                0x08012920                HAL_I2S_Init
                0x08012b54                HAL_I2SEx_TransmitReceive
                0x08012e78                HAL_I2SEx_TransmitReceive_IT
                0x08013104                HAL_I2SEx_TransmitReceive_DMA
                0x08013414                HAL_I2S_DMAPause
                0x08013528                HAL_I2S_DMAResume
                0x08013658                HAL_I2S_DMAStop
                0x08013784                HAL_I2S_IRQHandler
                0x08013bd4                I2SEx_TransmitReceive_IT
                0x08013e78                I2S_DMATxCplt
                0x08013f50                I2S_DMARxCplt
                0x08014028                I2S_GetInputClock
 .text          0x080140c8     0x17e0 HAL/STM32F4xx_HAL_Driver/stm32f4xx_hal_irda.o
                0x080140c8                HAL_IRDA_Init
                0x080141a0                HAL_IRDA_DeInit
                0x080141f8                HAL_IRDA_MspInit
                0x0801420c                HAL_IRDA_MspDeInit
                0x08014220                HAL_IRDA_Transmit
                0x08014350                HAL_IRDA_Receive
                0x0801449c                HAL_IRDA_Transmit_IT
                0x08014528                HAL_IRDA_Receive_IT
                0x080145c4                HAL_IRDA_Transmit_DMA
                0x0801469c                HAL_IRDA_Receive_DMA
                0x08014784                HAL_IRDA_DMAPause
                0x0801484c                HAL_IRDA_DMAResume
                0x080148e8                HAL_IRDA_DMAStop
                0x080149a0                HAL_IRDA_Abort
                0x08014a64                HAL_IRDA_AbortTransmit
                0x08014acc                HAL_IRDA_AbortReceive
                0x08014b44                HAL_IRDA_Abort_IT
                0x08014c8c                HAL_IRDA_AbortTransmit_IT
                0x08014d2c                HAL_IRDA_AbortReceive_IT
                0x08014ddc                HAL_IRDA_IRQHandler
                0x08015174                HAL_IRDA_TxCpltCallback
                0x08015188                HAL_IRDA_TxHalfCpltCallback
                0x0801519c                HAL_IRDA_RxCpltCallback
                0x080151b0                HAL_IRDA_RxHalfCpltCallback
                0x080151c4                HAL_IRDA_ErrorCallback
                0x080151d8                HAL_IRDA_AbortCpltCallback
                0x080151ec                HAL_IRDA_AbortTransmitCpltCallback
                0x08015200                HAL_IRDA_AbortReceiveCpltCallback
                0x08015214                HAL_IRDA_GetState
                0x08015250                HAL_IRDA_GetError
 .text          0x080158a8       0x94 HAL/STM32F4xx_HAL_Driver/stm32f4xx_hal_iwdg.o
                0x080158a8                HAL_IWDG_Init
                0x0801591c                HAL_IWDG_Refresh
 .text          0x0801593c        0x0 HAL/STM32F4xx_HAL_Driver/stm32f4xx_hal_lptim.o
 .text          0x0801593c     0x15bc HAL/STM32F4xx_HAL_Driver/stm32f4xx_hal_ltdc.o
                0x0801593c                HAL_LTDC_Init
                0x08015af4                HAL_LTDC_DeInit
                0x08015b24                HAL_LTDC_MspInit
                0x08015b38                HAL_LTDC_MspDeInit
                0x08015b4c                HAL_LTDC_IRQHandler
                0x08015ca4                HAL_LTDC_ErrorCallback
                0x08015cb8                HAL_LTDC_LineEventCallback
                0x08015ccc                HAL_LTDC_ReloadEventCallback
                0x08015ce0                HAL_LTDC_ConfigLayer
                0x08015d5c                HAL_LTDC_ConfigColorKeying
                0x08015de8                HAL_LTDC_ConfigCLUT
                0x08015ed0                HAL_LTDC_EnableColorKeying
                0x08015f44                HAL_LTDC_DisableColorKeying
                0x08015fb8                HAL_LTDC_EnableCLUT
                0x0801602c                HAL_LTDC_DisableCLUT
                0x080160a0                HAL_LTDC_EnableDither
                0x080160f4                HAL_LTDC_DisableDither
                0x08016148                HAL_LTDC_SetWindowSize
                0x080161e0                HAL_LTDC_SetWindowPosition
                0x0801626c                HAL_LTDC_SetPixelFormat
                0x080162d8                HAL_LTDC_SetAlpha
                0x08016344                HAL_LTDC_SetAddress
                0x080163b0                HAL_LTDC_SetPitch
                0x080164c8                HAL_LTDC_ProgramLineEvent
                0x08016528                HAL_LTDC_Relaod
                0x08016588                HAL_LTDC_ConfigLayer_NoReload
                0x080165fc                HAL_LTDC_SetWindowSize_NoReload
                0x0801668c                HAL_LTDC_SetWindowPosition_NoReload
                0x08016710                HAL_LTDC_SetPixelFormat_NoReload
                0x08016774                HAL_LTDC_SetAlpha_NoReload
                0x080167d8                HAL_LTDC_SetAddress_NoReload
                0x0801683c                HAL_LTDC_SetPitch_NoReload
                0x08016938                HAL_LTDC_ConfigColorKeying_NoReload
                0x080169bc                HAL_LTDC_EnableColorKeying_NoReload
                0x08016a28                HAL_LTDC_DisableColorKeying_NoReload
                0x08016a94                HAL_LTDC_EnableCLUT_NoReload
                0x08016b00                HAL_LTDC_DisableCLUT_NoReload
                0x08016b6c                HAL_LTDC_GetState
                0x08016b88                HAL_LTDC_GetError
 .text          0x08016ef8        0x0 HAL/STM32F4xx_HAL_Driver/stm32f4xx_hal_ltdc_ex.o
 .text          0x08016ef8       0x40 HAL/STM32F4xx_HAL_Driver/stm32f4xx_hal_msp_template.o
                0x08016ef8                HAL_MspInit
                0x08016f08                HAL_MspDeInit
                0x08016f18                HAL_PPP_MspInit
                0x08016f28                HAL_PPP_MspDeInit
 .text          0x08016f38      0xd98 HAL/STM32F4xx_HAL_Driver/stm32f4xx_hal_nand.o
                0x08016f38                HAL_NAND_Init
                0x08016fd4                HAL_NAND_DeInit
                0x0801700c                HAL_NAND_MspInit
                0x08017020                HAL_NAND_MspDeInit
                0x08017034                HAL_NAND_IRQHandler
                0x080171dc                HAL_NAND_ITCallback
                0x080171f0                HAL_NAND_Read_ID
                0x080172a4                HAL_NAND_Reset
                0x0801731c                HAL_NAND_Read_Page_8b
                0x08017490                HAL_NAND_Write_Page_8b
                0x0801763c                HAL_NAND_Read_SpareArea_8b
                0x080177b0                HAL_NAND_Write_SpareArea_8b
                0x0801795c                HAL_NAND_Erase_Block
                0x08017af0                HAL_NAND_Read_Status
                0x08017b54                HAL_NAND_Address_Inc
                0x08017bdc                HAL_NAND_ECC_Enable
                0x08017c20                HAL_NAND_ECC_Disable
                0x08017c64                HAL_NAND_GetECC
                0x08017cb4                HAL_NAND_GetState
 .text          0x08017cd0      0xbe0 HAL/STM32F4xx_HAL_Driver/stm32f4xx_hal_nor.o
                0x08017cd0                HAL_NOR_Init
                0x08017d7c                HAL_NOR_DeInit
                0x08017db8                HAL_NOR_MspInit
                0x08017dcc                HAL_NOR_MspDeInit
                0x08017de0                HAL_NOR_MspWait
                0x08017df8                HAL_NOR_Read_ID
                0x08017f34                HAL_NOR_ReturnToReadMode
                0x08017fc0                HAL_NOR_Read
                0x0801809c                HAL_NOR_Program
                0x08018188                HAL_NOR_ReadBuffer
                0x0801827c                HAL_NOR_ProgramBuffer
                0x080183d4                HAL_NOR_Erase_Block
                0x080184f8                HAL_NOR_Erase_Chip
                0x08018628                HAL_NOR_Read_CFI
                0x0801873c                HAL_NOR_WriteOperation_Enable
                0x08018784                HAL_NOR_WriteOperation_Disable
                0x080187d4                HAL_NOR_GetState
                0x080187f0                HAL_NOR_GetStatus
 .text          0x080188b0      0x638 HAL/STM32F4xx_HAL_Driver/stm32f4xx_hal_pccard.o
                0x080188b0                HAL_PCCARD_Init
                0x08018938                HAL_PCCARD_DeInit
                0x08018968                HAL_PCCARD_MspInit
                0x0801897c                HAL_PCCARD_MspDeInit
                0x08018990                HAL_PCCARD_Read_ID
                0x08018a4c                HAL_PCCARD_Read_Sector
                0x08018b4c                HAL_PCCARD_Write_Sector
                0x08018c40                HAL_PCCARD_Erase_Sector
                0x08018d0c                HAL_PCCARD_Reset
                0x08018d60                HAL_PCCARD_IRQHandler
                0x08018e00                HAL_PCCARD_ITCallback
                0x08018e14                HAL_PCCARD_GetState
                0x08018e30                HAL_PCCARD_GetStatus
                0x08018e94                HAL_PCCARD_ReadStatus
 .text          0x08018ee8     0x13e4 HAL/STM32F4xx_HAL_Driver/stm32f4xx_hal_pcd.o
                0x08018ee8                HAL_PCD_Init
                0x080190f8                HAL_PCD_DeInit
                0x08019130                HAL_PCD_MspInit
                0x08019144                HAL_PCD_MspDeInit
                0x08019158                HAL_PCD_Start
                0x0801919c                HAL_PCD_Stop
                0x080191ec                HAL_PCD_IRQHandler
                0x08019ae4                HAL_PCD_DataOutStageCallback
                0x08019afc                HAL_PCD_DataInStageCallback
                0x08019b14                HAL_PCD_SetupStageCallback
                0x08019b28                HAL_PCD_SOFCallback
                0x08019b3c                HAL_PCD_ResetCallback
                0x08019b50                HAL_PCD_SuspendCallback
                0x08019b64                HAL_PCD_ResumeCallback
                0x08019b78                HAL_PCD_ISOOUTIncompleteCallback
                0x08019b90                HAL_PCD_ISOINIncompleteCallback
                0x08019ba8                HAL_PCD_ConnectCallback
                0x08019bbc                HAL_PCD_DisconnectCallback
                0x08019bd0                HAL_PCD_DevConnect
                0x08019c0c                HAL_PCD_DevDisconnect
                0x08019c48                HAL_PCD_SetAddress
                0x08019c8c                HAL_PCD_EP_Open
                0x08019d5c                HAL_PCD_EP_Close
                0x08019df0                HAL_PCD_EP_Receive
                0x08019ea4                HAL_PCD_EP_GetRxCount
                0x08019ed8                HAL_PCD_EP_Transmit
                0x08019f88                HAL_PCD_EP_SetStall
                0x0801a040                HAL_PCD_EP_ClrStall
                0x0801a0d8                HAL_PCD_EP_Flush
                0x0801a134                HAL_PCD_ActivateRemoteWakeup
                0x0801a178                HAL_PCD_DeActivateRemoteWakeup
                0x0801a1ac                HAL_PCD_GetState
 .text          0x0801a2cc       0xbc HAL/STM32F4xx_HAL_Driver/stm32f4xx_hal_pcd_ex.o
                0x0801a2cc                HAL_PCDEx_SetTxFiFo
                0x0801a364                HAL_PCDEx_SetRxFiFo
 .text          0x0801a388      0x384 HAL/STM32F4xx_HAL_Driver/stm32f4xx_hal_pwr.o
                0x0801a388                HAL_PWR_DeInit
                0x0801a3b4                HAL_PWR_EnableBkUpAccess
                0x0801a3ec                HAL_PWR_DisableBkUpAccess
                0x0801a424                HAL_PWR_ConfigPVD
                0x0801a4e4                HAL_PWR_EnablePVD
                0x0801a518                HAL_PWR_DisablePVD
                0x0801a54c                HAL_PWR_EnableWakeUpPin
                0x0801a570                HAL_PWR_DisableWakeUpPin
                0x0801a598                HAL_PWR_EnterSLEEPMode
                0x0801a5d0                HAL_PWR_EnterSTOPMode
                0x0801a628                HAL_PWR_EnterSTANDBYMode
                0x0801a658                HAL_PWR_PVD_IRQHandler
                0x0801a67c                HAL_PWR_PVDCallback
                0x0801a68c                HAL_PWR_EnableSleepOnExit
                0x0801a6ac                HAL_PWR_DisableSleepOnExit
                0x0801a6cc                HAL_PWR_EnableSEVOnPend
                0x0801a6ec                HAL_PWR_DisableSEVOnPend
 .text          0x0801a70c      0x4b8 HAL/STM32F4xx_HAL_Driver/stm32f4xx_hal_pwr_ex.o
                0x0801a70c                HAL_PWREx_EnableBkUpReg
                0x0801a774                HAL_PWREx_DisableBkUpReg
                0x0801a7dc                HAL_PWREx_EnableFlashPowerDown
                0x0801a814                HAL_PWREx_DisableFlashPowerDown
                0x0801a84c                HAL_PWREx_GetVoltageRange
                0x0801a868                HAL_PWREx_ControlVoltageScaling
                0x0801a958                HAL_PWREx_EnableOverDrive
                0x0801aa28                HAL_PWREx_DisableOverDrive
                0x0801aaf8                HAL_PWREx_EnterUnderDriveSTOPMode
 .text          0x0801abc4        0x0 HAL/STM32F4xx_HAL_Driver/stm32f4xx_hal_qspi.o
 .text          0x0801abc4      0xb94 HAL/STM32F4xx_HAL_Driver/stm32f4xx_hal_rcc.o
                0x0801abd4                HAL_RCC_OscConfig
                0x0801b088                HAL_RCC_ClockConfig
                0x0801b2ac                HAL_RCC_MCOConfig
                0x0801b37c                HAL_RCC_EnableCSS
                0x0801b394                HAL_RCC_DisableCSS
                0x0801b3ac                HAL_RCC_GetSysClockFreq
                0x0801b4a8                HAL_RCC_GetHCLKFreq
                0x0801b4c0                HAL_RCC_GetPCLK1Freq
                0x0801b504                HAL_RCC_GetPCLK2Freq
                0x0801b548                HAL_RCC_GetOscConfig
                0x0801b6bc                HAL_RCC_GetClockConfig
                0x0801b720                HAL_RCC_NMI_IRQHandler
                0x0801b748                HAL_RCC_CSSCallback
 .text          0x0801b758      0x648 HAL/STM32F4xx_HAL_Driver/stm32f4xx_hal_rcc_ex.o
                0x0801b758                HAL_RCC_DeInit
                0x0801b7e0                HAL_RCCEx_PeriphCLKConfig
                0x0801bc14                HAL_RCCEx_GetPeriphCLKConfig
 .text          0x0801bda0      0x338 HAL/STM32F4xx_HAL_Driver/stm32f4xx_hal_rng.o
                0x0801bda0                HAL_RNG_Init
                0x0801be08                HAL_RNG_DeInit
                0x0801be58                HAL_RNG_MspInit
                0x0801be6c                HAL_RNG_MspDeInit
                0x0801be80                HAL_RNG_GenerateRandomNumber
                0x0801bf18                HAL_RNG_GenerateRandomNumber_IT
                0x0801bf78                HAL_RNG_IRQHandler
                0x0801c000                HAL_RNG_GetRandomNumber
                0x0801c02c                HAL_RNG_GetRandomNumber_IT
                0x0801c078                HAL_RNG_ReadLastRandomNumber
                0x0801c090                HAL_RNG_ReadyDataCallback
                0x0801c0a8                HAL_RNG_ErrorCallback
                0x0801c0bc                HAL_RNG_GetState
 .text          0x0801c0d8     0x1068 HAL/STM32F4xx_HAL_Driver/stm32f4xx_hal_rtc.o
                0x0801c0d8                HAL_RTC_Init
                0x0801c1d0                HAL_RTC_DeInit
                0x0801c328                HAL_RTC_MspInit
                0x0801c33c                HAL_RTC_MspDeInit
                0x0801c350                HAL_RTC_SetTime
                0x0801c4dc                HAL_RTC_GetTime
                0x0801c598                HAL_RTC_SetDate
                0x0801c704                HAL_RTC_GetDate
                0x0801c7a4                HAL_RTC_SetAlarm
                0x0801ca10                HAL_RTC_SetAlarm_IT
                0x0801ccb8                HAL_RTC_DeactivateAlarm
                0x0801cdd4                HAL_RTC_GetAlarm
                0x0801cef4                HAL_RTC_AlarmIRQHandler
                0x0801cf80                HAL_RTC_AlarmAEventCallback
                0x0801cf94                HAL_RTC_PollForAlarmAEvent
                0x0801d004                HAL_RTC_WaitForSynchro
                0x0801d054                HAL_RTC_GetState
                0x0801d070                RTC_EnterInitMode
                0x0801d0c8                RTC_ByteToBcd2
                0x0801d104                RTC_Bcd2ToByte
 .text          0x0801d140     0x12c4 HAL/STM32F4xx_HAL_Driver/stm32f4xx_hal_rtc_ex.o
                0x0801d140                HAL_RTCEx_SetTimeStamp
                0x0801d1ec                HAL_RTCEx_SetTimeStamp_IT
                0x0801d2d4                HAL_RTCEx_DeactivateTimeStamp
                0x0801d354                HAL_RTCEx_GetTimeStamp
                0x0801d494                HAL_RTCEx_SetTamper
                0x0801d54c                HAL_RTCEx_SetTamper_IT
                0x0801d65c                HAL_RTCEx_DeactivateTamper
                0x0801d6ac                HAL_RTCEx_TamperTimeStampIRQHandler
                0x0801d76c                HAL_RTCEx_TimeStampEventCallback
                0x0801d780                HAL_RTCEx_Tamper1EventCallback
                0x0801d794                HAL_RTCEx_Tamper2EventCallback
                0x0801d7a8                HAL_RTCEx_PollForTimeStampEvent
                0x0801d830                HAL_RTCEx_PollForTamper1Event
                0x0801d8a0                HAL_RTCEx_PollForTamper2Event
                0x0801d910                HAL_RTCEx_SetWakeUpTimer
                0x0801da38                HAL_RTCEx_SetWakeUpTimer_IT
                0x0801dbb8                HAL_RTCEx_DeactivateWakeUpTimer
                0x0801dc68                HAL_RTCEx_GetWakeUpTimer
                0x0801dc84                HAL_RTCEx_WakeUpTimerIRQHandler
                0x0801dcdc                HAL_RTCEx_WakeUpTimerEventCallback
                0x0801dcf0                HAL_RTCEx_PollForWakeUpTimerEvent
                0x0801dd60                HAL_RTCEx_BKUPWrite
                0x0801dd94                HAL_RTCEx_BKUPRead
                0x0801ddc4                HAL_RTCEx_SetCoarseCalib
                0x0801de68                HAL_RTCEx_DeactivateCoarseCalib
                0x0801defc                HAL_RTCEx_SetSmoothCalib
                0x0801dfb0                HAL_RTCEx_SetSynchroShift
                0x0801e0a8                HAL_RTCEx_SetCalibrationOutPut
                0x0801e12c                HAL_RTCEx_DeactivateCalibrationOutPut
                0x0801e190                HAL_RTCEx_SetRefClock
                0x0801e224                HAL_RTCEx_DeactivateRefClock
                0x0801e2b8                HAL_RTCEx_EnableBypassShadow
                0x0801e31c                HAL_RTCEx_DisableBypassShadow
                0x0801e380                HAL_RTCEx_AlarmBEventCallback
                0x0801e394                HAL_RTCEx_PollForAlarmBEvent
 .text          0x0801e404     0x1938 HAL/STM32F4xx_HAL_Driver/stm32f4xx_hal_sai.o
                0x0801e404                HAL_SAI_InitProtocol
                0x0801e47c                HAL_SAI_Init
                0x0801e6c4                HAL_SAI_DeInit
                0x0801e730                HAL_SAI_MspInit
                0x0801e744                HAL_SAI_MspDeInit
                0x0801e758                HAL_SAI_Transmit
                0x0801e8f4                HAL_SAI_Receive
                0x0801ea8c                HAL_SAI_Transmit_IT
                0x0801eb80                HAL_SAI_Receive_IT
                0x0801ec6c                HAL_SAI_DMAPause
                0x0801ecb0                HAL_SAI_DMAResume
                0x0801ed14                HAL_SAI_DMAStop
                0x0801ed9c                HAL_SAI_Abort
                0x0801ee54                HAL_SAI_Transmit_DMA
                0x0801ef70                HAL_SAI_Receive_DMA
                0x0801f08c                HAL_SAI_EnableTxMuteMode
                0x0801f0dc                HAL_SAI_DisableTxMuteMode
                0x0801f114                HAL_SAI_EnableRxMuteMode
                0x0801f18c                HAL_SAI_DisableRxMuteMode
                0x0801f1c8                HAL_SAI_IRQHandler
                0x0801f450                HAL_SAI_TxCpltCallback
                0x0801f464                HAL_SAI_TxHalfCpltCallback
                0x0801f478                HAL_SAI_RxCpltCallback
                0x0801f48c                HAL_SAI_RxHalfCpltCallback
                0x0801f4a0                HAL_SAI_ErrorCallback
                0x0801f4b4                HAL_SAI_GetState
                0x0801f4d0                HAL_SAI_GetError
 .text          0x0801fd3c      0x190 HAL/STM32F4xx_HAL_Driver/stm32f4xx_hal_sai_ex.o
                0x0801fd3c                SAI_BlockSynchroConfig
                0x0801fd84                SAI_GetInputClock
 .text          0x0801fecc     0x2c1c HAL/STM32F4xx_HAL_Driver/stm32f4xx_hal_sd.o
                0x0801fecc                HAL_SD_Init
                0x0801ffb8                HAL_SD_DeInit
                0x0801ffd8                HAL_SD_MspInit
                0x0801ffec                HAL_SD_MspDeInit
                0x08020000                HAL_SD_ReadBlocks
                0x080202c0                HAL_SD_WriteBlocks
                0x08020658                HAL_SD_ReadBlocks_DMA
                0x080207dc                HAL_SD_WriteBlocks_DMA
                0x0802096c                HAL_SD_CheckReadOperation
                0x08020a28                HAL_SD_CheckWriteOperation
                0x08020af4                HAL_SD_Erase
                0x08020cb8                HAL_SD_IRQHandler
                0x08020dbc                HAL_SD_XferCpltCallback
                0x08020dd0                HAL_SD_XferErrorCallback
                0x08020de4                HAL_SD_DMA_RxCpltCallback
                0x08020df8                HAL_SD_DMA_RxErrorCallback
                0x08020e0c                HAL_SD_DMA_TxCpltCallback
                0x08020e20                HAL_SD_DMA_TxErrorCallback
                0x08020e34                HAL_SD_Get_CardInfo
                0x0802143c                HAL_SD_WideBusOperation_Config
                0x0802150c                HAL_SD_StopTransfer
                0x08021554                HAL_SD_HighSpeed
                0x080217c0                HAL_SD_SendSDStatus
                0x080219ec                HAL_SD_GetStatus
                0x08021a20                HAL_SD_GetCardStatus
 .text          0x08022ae8      0x6f4 HAL/STM32F4xx_HAL_Driver/stm32f4xx_hal_sdram.o
                0x08022ae8                HAL_SDRAM_Init
                0x08022b50                HAL_SDRAM_DeInit
                0x08022b88                HAL_SDRAM_MspInit
                0x08022b9c                HAL_SDRAM_MspDeInit
                0x08022bb0                HAL_SDRAM_IRQHandler
                0x08022be4                HAL_SDRAM_RefreshErrorCallback
                0x08022bf8                HAL_SDRAM_DMA_XferCpltCallback
                0x08022c0c                HAL_SDRAM_DMA_XferErrorCallback
                0x08022c20                HAL_SDRAM_Read_8b
                0x08022ca0                HAL_SDRAM_Write_8b
                0x08022d28                HAL_SDRAM_Read_16b
                0x08022da8                HAL_SDRAM_Write_16b
                0x08022e30                HAL_SDRAM_Read_32b
                0x08022eb0                HAL_SDRAM_Write_32b
                0x08022f38                HAL_SDRAM_Read_DMA
                0x08022fb8                HAL_SDRAM_Write_DMA
                0x0802303c                HAL_SDRAM_WriteProtection_Enable
                0x08023080                HAL_SDRAM_WriteProtection_Disable
                0x080230c4                HAL_SDRAM_SendCommand
                0x0802311c                HAL_SDRAM_ProgramRefreshRate
                0x0802315c                HAL_SDRAM_SetAutoRefreshNumber
                0x0802319c                HAL_SDRAM_GetModeStatus
                0x080231c0                HAL_SDRAM_GetState
 .text          0x080231dc     0x146c HAL/STM32F4xx_HAL_Driver/stm32f4xx_hal_smartcard.o
                0x080231dc                HAL_SMARTCARD_Init
                0x080232dc                HAL_SMARTCARD_DeInit
                0x08023334                HAL_SMARTCARD_MspInit
                0x08023348                HAL_SMARTCARD_MspDeInit
                0x0802335c                HAL_SMARTCARD_Transmit
                0x08023448                HAL_SMARTCARD_Receive
                0x08023518                HAL_SMARTCARD_Transmit_IT
                0x080235c4                HAL_SMARTCARD_Receive_IT
                0x08023660                HAL_SMARTCARD_Transmit_DMA
                0x0802372c                HAL_SMARTCARD_Receive_DMA
                0x08023808                HAL_SMARTCARD_Abort
                0x080238cc                HAL_SMARTCARD_AbortTransmit
                0x08023934                HAL_SMARTCARD_AbortReceive
                0x080239ac                HAL_SMARTCARD_Abort_IT
                0x08023af4                HAL_SMARTCARD_AbortTransmit_IT
                0x08023b94                HAL_SMARTCARD_AbortReceive_IT
                0x08023c44                HAL_SMARTCARD_IRQHandler
                0x08023e3c                HAL_SMARTCARD_TxCpltCallback
                0x08023e50                HAL_SMARTCARD_RxCpltCallback
                0x08023e64                HAL_SMARTCARD_ErrorCallback
                0x08023e78                HAL_SMARTCARD_AbortCpltCallback
                0x08023e8c                HAL_SMARTCARD_AbortTransmitCpltCallback
                0x08023ea0                HAL_SMARTCARD_AbortReceiveCpltCallback
                0x08023eb4                HAL_SMARTCARD_GetState
                0x08023ef0                HAL_SMARTCARD_GetError
 .text          0x08024648        0x0 HAL/STM32F4xx_HAL_Driver/stm32f4xx_hal_spdifrx.o
 .text          0x08024648     0x22d0 HAL/STM32F4xx_HAL_Driver/stm32f4xx_hal_spi.o
                0x08024648                HAL_SPI_Init
                0x0802471c                HAL_SPI_DeInit
                0x0802476c                HAL_SPI_MspInit
                0x08024780                HAL_SPI_MspDeInit
                0x08024794                HAL_SPI_Transmit
                0x08024a50                HAL_SPI_Receive
                0x08024d60                HAL_SPI_TransmitReceive
                0x08025184                HAL_SPI_Transmit_IT
                0x080252cc                HAL_SPI_Receive_IT
                0x08025420                HAL_SPI_TransmitReceive_IT
                0x0802557c                HAL_SPI_Transmit_DMA
                0x080256e4                HAL_SPI_Receive_DMA
                0x08025870                HAL_SPI_TransmitReceive_DMA
                0x08025a6c                HAL_SPI_DMAPause
                0x08025ab0                HAL_SPI_DMAResume
                0x08025af4                HAL_SPI_DMAStop
                0x08025b44                HAL_SPI_IRQHandler
                0x08025cf4                HAL_SPI_TxCpltCallback
                0x08025d08                HAL_SPI_RxCpltCallback
                0x08025d1c                HAL_SPI_TxRxCpltCallback
                0x08025d30                HAL_SPI_TxHalfCpltCallback
                0x08025d44                HAL_SPI_RxHalfCpltCallback
                0x08025d58                HAL_SPI_TxRxHalfCpltCallback
                0x08025d6c                HAL_SPI_ErrorCallback
                0x08025d80                HAL_SPI_GetState
                0x08025d9c                HAL_SPI_GetError
 .text          0x08026918      0x580 HAL/STM32F4xx_HAL_Driver/stm32f4xx_hal_sram.o
                0x08026918                HAL_SRAM_Init
                0x080269a0                HAL_SRAM_DeInit
                0x080269dc                HAL_SRAM_MspInit
                0x080269f0                HAL_SRAM_MspDeInit
                0x08026a04                HAL_SRAM_DMA_XferCpltCallback
                0x08026a18                HAL_SRAM_DMA_XferErrorCallback
                0x08026a2c                HAL_SRAM_Read_8b
                0x08026aa0                HAL_SRAM_Write_8b
                0x08026b20                HAL_SRAM_Read_16b
                0x08026b94                HAL_SRAM_Write_16b
                0x08026c14                HAL_SRAM_Read_32b
                0x08026c80                HAL_SRAM_Write_32b
                0x08026cfc                HAL_SRAM_Read_DMA
                0x08026d68                HAL_SRAM_Write_DMA
                0x08026de4                HAL_SRAM_WriteOperation_Enable
                0x08026e2c                HAL_SRAM_WriteOperation_Disable
                0x08026e7c                HAL_SRAM_GetState
 .text          0x08026e98     0x3eb0 HAL/STM32F4xx_HAL_Driver/stm32f4xx_hal_tim.o
                0x08026e98                HAL_TIM_Base_Init
                0x08026ef0                HAL_TIM_Base_DeInit
                0x08026f50                HAL_TIM_Base_MspInit
                0x08026f64                HAL_TIM_Base_MspDeInit
                0x08026f78                HAL_TIM_Base_Start
                0x08026fb0                HAL_TIM_Base_Stop
                0x08027008                HAL_TIM_Base_Start_IT
                0x08027040                HAL_TIM_Base_Stop_IT
                0x08027098                HAL_TIM_Base_Start_DMA
                0x08027130                HAL_TIM_Base_Stop_DMA
                0x08027190                HAL_TIM_OC_Init
                0x080271e8                HAL_TIM_OC_DeInit
                0x08027248                HAL_TIM_OC_MspInit
                0x0802725c                HAL_TIM_OC_MspDeInit
                0x08027270                HAL_TIM_OC_Start
                0x080272d8                HAL_TIM_OC_Stop
                0x08027380                HAL_TIM_OC_Start_IT
                0x08027474                HAL_TIM_OC_Stop_IT
                0x080275a8                HAL_TIM_OC_Start_DMA
                0x0802776c                HAL_TIM_OC_Stop_DMA
                0x080278a8                HAL_TIM_PWM_Init
                0x08027900                HAL_TIM_PWM_DeInit
                0x08027960                HAL_TIM_PWM_MspInit
                0x08027974                HAL_TIM_PWM_MspDeInit
                0x08027988                HAL_TIM_PWM_Start
                0x080279f0                HAL_TIM_PWM_Stop
                0x08027aa0                HAL_TIM_PWM_Start_IT
                0x08027b94                HAL_TIM_PWM_Stop_IT
                0x08027cc8                HAL_TIM_PWM_Start_DMA
                0x08027e8c                HAL_TIM_PWM_Stop_DMA
                0x08027fc8                HAL_TIM_IC_Init
                0x08028020                HAL_TIM_IC_DeInit
                0x08028080                HAL_TIM_IC_MspInit
                0x08028094                HAL_TIM_IC_MspDeInit
                0x080280a8                HAL_TIM_IC_Start
                0x080280dc                HAL_TIM_IC_Stop
                0x08028130                HAL_TIM_IC_Start_IT
                0x080281f0                HAL_TIM_IC_Stop_IT
                0x080282d0                HAL_TIM_IC_Start_DMA
                0x08028460                HAL_TIM_IC_Stop_DMA
                0x08028548                HAL_TIM_OnePulse_Init
                0x080285c0                HAL_TIM_OnePulse_DeInit
                0x08028620                HAL_TIM_OnePulse_MspInit
                0x08028634                HAL_TIM_OnePulse_MspDeInit
                0x08028648                HAL_TIM_OnePulse_Start
                0x080286b0                HAL_TIM_OnePulse_Stop
                0x08028768                HAL_TIM_OnePulse_Start_IT
                0x080287f0                HAL_TIM_OnePulse_Stop_IT
                0x080288c8                HAL_TIM_Encoder_Init
                0x080289f4                HAL_TIM_Encoder_DeInit
                0x08028a54                HAL_TIM_Encoder_MspInit
                0x08028a68                HAL_TIM_Encoder_MspDeInit
                0x08028a7c                HAL_TIM_Encoder_Start
                0x08028aec                HAL_TIM_Encoder_Stop
                0x08028b7c                HAL_TIM_Encoder_Start_IT
                0x08028c2c                HAL_TIM_Encoder_Stop_IT
                0x08028d00                HAL_TIM_Encoder_Start_DMA
                0x08028ea8                HAL_TIM_Encoder_Stop_DMA
                0x08028f7c                HAL_TIM_IRQHandler
                0x0802918c                HAL_TIM_OC_ConfigChannel
                0x0802924c                HAL_TIM_IC_ConfigChannel
                0x08029384                HAL_TIM_PWM_ConfigChannel
                0x08029510                HAL_TIM_OnePulse_ConfigChannel
                0x08029690                HAL_TIM_DMABurst_WriteStart
                0x08029874                HAL_TIM_DMABurst_WriteStop
                0x08029924                HAL_TIM_DMABurst_ReadStart
                0x08029b08                HAL_TIM_DMABurst_ReadStop
                0x08029bb8                HAL_TIM_GenerateEvent
                0x08029c08                HAL_TIM_ConfigOCrefClear
                0x08029d5c                HAL_TIM_ConfigClockSource
                0x08029f14                HAL_TIM_ConfigTI1Input
                0x08029f50                HAL_TIM_SlaveConfigSynchronization
                0x08029fbc                HAL_TIM_SlaveConfigSynchronization_IT
                0x0802a028                HAL_TIM_ReadCapturedValue
                0x0802a0e0                HAL_TIM_OC_DelayElapsedCallback
                0x0802a0f4                HAL_TIM_IC_CaptureCallback
                0x0802a108                HAL_TIM_PWM_PulseFinishedCallback
                0x0802a11c                HAL_TIM_TriggerCallback
                0x0802a130                HAL_TIM_ErrorCallback
                0x0802a144                HAL_TIM_Base_GetState
                0x0802a160                HAL_TIM_OC_GetState
                0x0802a17c                HAL_TIM_PWM_GetState
                0x0802a198                HAL_TIM_IC_GetState
                0x0802a1b4                HAL_TIM_OnePulse_GetState
                0x0802a1d0                HAL_TIM_Encoder_GetState
                0x0802a1ec                TIM_Base_SetConfig
                0x0802a340                TIM_TI1_SetConfig
                0x0802a438                TIM_OC2_SetConfig
                0x0802a528                TIM_DMADelayPulseCplt
                0x0802a598                TIM_DMAError
                0x0802a5bc                TIM_DMACaptureCplt
                0x0802a62c                TIM_CCxChannelCmd
 .text          0x0802ad48     0x14a8 HAL/STM32F4xx_HAL_Driver/stm32f4xx_hal_tim_ex.o
                0x0802ad48                HAL_TIMEx_HallSensor_Init
                0x0802ae60                HAL_TIMEx_HallSensor_DeInit
                0x0802aec0                HAL_TIMEx_HallSensor_MspInit
                0x0802aed4                HAL_TIMEx_HallSensor_MspDeInit
                0x0802aee8                HAL_TIMEx_HallSensor_Start
                0x0802af18                HAL_TIMEx_HallSensor_Stop
                0x0802af68                HAL_TIMEx_HallSensor_Start_IT
                0x0802afa8                HAL_TIMEx_HallSensor_Stop_IT
                0x0802b008                HAL_TIMEx_HallSensor_Start_DMA
                0x0802b0b0                HAL_TIMEx_HallSensor_Stop_DMA
                0x0802b110                HAL_TIMEx_OCN_Start
                0x0802b154                HAL_TIMEx_OCN_Stop
                0x0802b1d8                HAL_TIMEx_OCN_Start_IT
                0x0802b2b8                HAL_TIMEx_OCN_Stop_IT
                0x0802b3e8                HAL_TIMEx_OCN_Start_DMA
                0x0802b588                HAL_TIMEx_OCN_Stop_DMA
                0x0802b6a0                HAL_TIMEx_PWMN_Start
                0x0802b6e4                HAL_TIMEx_PWMN_Stop
                0x0802b768                HAL_TIMEx_PWMN_Start_IT
                0x0802b848                HAL_TIMEx_PWMN_Stop_IT
                0x0802b978                HAL_TIMEx_PWMN_Start_DMA
                0x0802bb18                HAL_TIMEx_PWMN_Stop_DMA
                0x0802bc30                HAL_TIMEx_OnePulseN_Start
                0x0802bc64                HAL_TIMEx_OnePulseN_Stop
                0x0802bce8                HAL_TIMEx_OnePulseN_Start_IT
                0x0802bd3c                HAL_TIMEx_OnePulseN_Stop_IT
                0x0802bde0                HAL_TIMEx_ConfigCommutationEvent
                0x0802be80                HAL_TIMEx_ConfigCommutationEvent_IT
                0x0802bf30                HAL_TIMEx_ConfigCommutationEvent_DMA
                0x0802bff8                HAL_TIMEx_MasterConfigSynchronization
                0x0802c084                HAL_TIMEx_ConfigBreakDeadTime
                0x0802c0f8                HAL_TIMEx_RemapConfig
                0x0802c140                HAL_TIMEx_CommutationCallback
                0x0802c154                HAL_TIMEx_BreakCallback
                0x0802c168                HAL_TIMEx_HallSensor_GetState
                0x0802c184                TIMEx_DMACommutationCplt
 .text          0x0802c1f0      0x138 HAL/STM32F4xx_HAL_Driver/stm32f4xx_hal_timebase_tim_template.o
                0x0802c1f0                HAL_InitTick
                0x0802c2b8                HAL_SuspendTick
                0x0802c2dc                HAL_ResumeTick
                0x0802c300                HAL_TIM_PeriodElapsedCallback
                0x0802c314                TIM6_DAC_IRQHandler
 .text          0x0802c328     0x1da4 HAL/STM32F4xx_HAL_Driver/stm32f4xx_hal_uart.o
                0x0802c328                HAL_UART_Init
                0x0802c3c4                HAL_HalfDuplex_Init
                0x0802c470                HAL_LIN_Init
                0x0802c53c                HAL_MultiProcessor_Init
                0x0802c61c                HAL_UART_DeInit
                0x0802c664                HAL_UART_MspInit
                0x0802c678                HAL_UART_MspDeInit
                0x0802c68c                HAL_UART_Transmit
                0x0802c7bc                HAL_UART_Receive
                0x0802c908                HAL_UART_Transmit_IT
                0x0802c994                HAL_UART_Receive_IT
                0x0802ca30                HAL_UART_Transmit_DMA
                0x0802cb08                HAL_UART_Receive_DMA
                0x0802cbf0                HAL_UART_DMAPause
                0x0802ccb8                HAL_UART_DMAResume
                0x0802cd5c                HAL_UART_DMAStop
                0x0802ce14                HAL_UART_Abort
                0x0802ced8                HAL_UART_AbortTransmit
                0x0802cf40                HAL_UART_AbortReceive
                0x0802cfb8                HAL_UART_Abort_IT
                0x0802d100                HAL_UART_AbortTransmit_IT
                0x0802d1a0                HAL_UART_AbortReceive_IT
                0x0802d250                HAL_UART_IRQHandler
                0x0802d448                HAL_UART_TxCpltCallback
                0x0802d45c                HAL_UART_TxHalfCpltCallback
                0x0802d470                HAL_UART_RxCpltCallback
                0x0802d484                HAL_UART_RxHalfCpltCallback
                0x0802d498                HAL_UART_ErrorCallback
                0x0802d4ac                HAL_UART_AbortCpltCallback
                0x0802d4c0                HAL_UART_AbortTransmitCpltCallback
                0x0802d4d4                HAL_UART_AbortReceiveCpltCallback
                0x0802d4e8                HAL_LIN_SendBreak
                0x0802d53c                HAL_MultiProcessor_EnterMuteMode
                0x0802d590                HAL_MultiProcessor_ExitMuteMode
                0x0802d5e4                HAL_HalfDuplex_EnableTransmitter
                0x0802d64c                HAL_HalfDuplex_EnableReceiver
                0x0802d6b4                HAL_UART_GetState
                0x0802d6f0                HAL_UART_GetError
 .text          0x0802e0cc     0x1ad8 HAL/STM32F4xx_HAL_Driver/stm32f4xx_hal_usart.o
                0x0802e0cc                HAL_USART_Init
                0x0802e150                HAL_USART_DeInit
                0x0802e1a0                HAL_USART_MspInit
                0x0802e1b4                HAL_USART_MspDeInit
                0x0802e1c8                HAL_USART_Transmit
                0x0802e2f8                HAL_USART_Receive
                0x0802e48c                HAL_USART_TransmitReceive
                0x0802e664                HAL_USART_Transmit_IT
                0x0802e6f0                HAL_USART_Receive_IT
                0x0802e794                HAL_USART_TransmitReceive_IT
                0x0802e868                HAL_USART_Transmit_DMA
                0x0802e940                HAL_USART_Receive_DMA
                0x0802ea94                HAL_USART_TransmitReceive_DMA
                0x0802ebfc                HAL_USART_DMAPause
                0x0802ec40                HAL_USART_DMAResume
                0x0802ec84                HAL_USART_DMAStop
                0x0802ed3c                HAL_USART_Abort
                0x0802edf8                HAL_USART_Abort_IT
                0x0802ef38                HAL_USART_IRQHandler
                0x0802f16c                HAL_USART_TxCpltCallback
                0x0802f180                HAL_USART_TxHalfCpltCallback
                0x0802f194                HAL_USART_RxCpltCallback
                0x0802f1a8                HAL_USART_RxHalfCpltCallback
                0x0802f1bc                HAL_USART_TxRxCpltCallback
                0x0802f1d0                HAL_USART_ErrorCallback
                0x0802f1e4                HAL_USART_AbortCpltCallback
                0x0802f1f8                HAL_USART_GetState
                0x0802f214                HAL_USART_GetError
 .text          0x0802fba4       0xcc HAL/STM32F4xx_HAL_Driver/stm32f4xx_hal_wwdg.o
                0x0802fba4                HAL_WWDG_Init
                0x0802fbec                HAL_WWDG_MspInit
                0x0802fc00                HAL_WWDG_Refresh
                0x0802fc20                HAL_WWDG_IRQHandler
                0x0802fc5c                HAL_WWDG_EarlyWakeupCallback
 .text          0x0802fc70      0xa94 HAL/STM32F4xx_HAL_Driver/stm32f4xx_ll_fmc.o
                0x0802fc70                FMC_NORSRAM_Init
                0x0802fd38                FMC_NORSRAM_DeInit
                0x0802fda0                FMC_NORSRAM_Timing_Init
                0x0802fe44                FMC_NORSRAM_Extended_Timing_Init
                0x0802fec4                FMC_NORSRAM_WriteOperation_Enable
                0x0802fef0                FMC_NORSRAM_WriteOperation_Disable
                0x0802ff1c                FMC_NAND_Init
                0x0802ffa0                FMC_NAND_CommonSpace_Timing_Init
                0x0803000c                FMC_NAND_AttributeSpace_Timing_Init
                0x08030078                FMC_NAND_DeInit
                0x080300f0                FMC_NAND_ECC_Enable
                0x08030128                FMC_NAND_ECC_Disable
                0x08030160                FMC_NAND_GetECC
                0x080301f0                FMC_PCCARD_Init
                0x08030244                FMC_PCCARD_CommonSpace_Timing_Init
                0x08030294                FMC_PCCARD_AttributeSpace_Timing_Init
                0x080302e4                FMC_PCCARD_IOSpace_Timing_Init
                0x08030334                FMC_PCCARD_DeInit
                0x0803037c                FMC_SDRAM_Init
                0x08030464                FMC_SDRAM_Timing_Init
                0x08030564                FMC_SDRAM_DeInit
                0x080305a8                FMC_SDRAM_WriteProtection_Enable
                0x080305d4                FMC_SDRAM_WriteProtection_Disable
                0x08030600                FMC_SDRAM_SendCommand
                0x08030678                FMC_SDRAM_ProgramRefreshRate
                0x080306a0                FMC_SDRAM_SetAutoRefreshNumber
                0x080306c8                FMC_SDRAM_GetModeStatus
 .text          0x08030704        0x0 HAL/STM32F4xx_HAL_Driver/stm32f4xx_ll_fsmc.o
 .text          0x08030704      0x230 HAL/STM32F4xx_HAL_Driver/stm32f4xx_ll_sdmmc.o
                0x08030704                SDIO_Init
                0x0803075c                SDIO_ReadFIFO
                0x08030778                SDIO_WriteFIFO
                0x0803079c                SDIO_PowerState_ON
                0x080307b8                SDIO_PowerState_OFF
                0x080307d4                SDIO_GetPowerState
                0x080307f0                SDIO_SendCommand
                0x08030844                SDIO_GetCommandResponse
                0x08030860                SDIO_GetResponse
                0x08030888                SDIO_DataConfig
                0x080308e0                SDIO_GetDataCounter
                0x080308f8                SDIO_GetFIFOCount
                0x08030914                SDIO_SetSDIOReadWaitMode
 .text          0x08030934     0x2148 HAL/STM32F4xx_HAL_Driver/stm32f4xx_ll_usb.o
                0x08030934                USB_CoreInit
                0x080309cc                USB_EnableGlobalInt
                0x080309f0                USB_DisableGlobalInt
                0x08030a14                USB_SetCurrentMode
                0x08030a64                USB_DevInit
                0x08030cbc                USB_FlushTxFifo
                0x08030d08                USB_FlushRxFifo
                0x08030d4c                USB_SetDevSpeed
                0x08030d7c                USB_GetDevSpeed
                0x08030de8                USB_ActivateEndpoint
                0x08030efc                USB_ActivateDedicatedEndpoint
                0x08031084                USB_DeactivateEndpoint
[...]
USART2_IRQHandler                                 HAL/STM32F4xx_HAL_Driver/CMSIS/Device/ST/STM32F4xx/Source/startup_stm32f429xx.o
USART3_IRQHandler                                 HAL/STM32F4xx_HAL_Driver/CMSIS/Device/ST/STM32F4xx/Source/startup_stm32f429xx.o
USART6_IRQHandler                                 HAL/STM32F4xx_HAL_Driver/CMSIS/Device/ST/STM32F4xx/Source/startup_stm32f429xx.o
USB_ActivateDedicatedEndpoint                     HAL/STM32F4xx_HAL_Driver/stm32f4xx_ll_usb.o
USB_ActivateEndpoint                              HAL/STM32F4xx_HAL_Driver/stm32f4xx_ll_usb.o
                                                  HAL/STM32F4xx_HAL_Driver/stm32f4xx_hal_pcd.o
USB_ActivateSetup                                 HAL/STM32F4xx_HAL_Driver/stm32f4xx_ll_usb.o
                                                  HAL/STM32F4xx_HAL_Driver/stm32f4xx_hal_pcd.o
USB_ClearInterrupts                               HAL/STM32F4xx_HAL_Driver/stm32f4xx_ll_usb.o
USB_CoreInit                                      HAL/STM32F4xx_HAL_Driver/stm32f4xx_ll_usb.o
                                                  HAL/STM32F4xx_HAL_Driver/stm32f4xx_hal_pcd.o
                                                  HAL/STM32F4xx_HAL_Driver/stm32f4xx_hal_hcd.o
USB_DeactivateDedicatedEndpoint                   HAL/STM32F4xx_HAL_Driver/stm32f4xx_ll_usb.o
USB_DeactivateEndpoint                            HAL/STM32F4xx_HAL_Driver/stm32f4xx_ll_usb.o
                                                  HAL/STM32F4xx_HAL_Driver/stm32f4xx_hal_pcd.o
USB_DevConnect                                    HAL/STM32F4xx_HAL_Driver/stm32f4xx_ll_usb.o
                                                  HAL/STM32F4xx_HAL_Driver/stm32f4xx_hal_pcd.o
USB_DevDisconnect                                 HAL/STM32F4xx_HAL_Driver/stm32f4xx_ll_usb.o
                                                  HAL/STM32F4xx_HAL_Driver/stm32f4xx_hal_pcd.o
USB_DevInit                                       HAL/STM32F4xx_HAL_Driver/stm32f4xx_ll_usb.o
                                                  HAL/STM32F4xx_HAL_Driver/stm32f4xx_hal_pcd.o
USB_DisableGlobalInt                              HAL/STM32F4xx_HAL_Driver/stm32f4xx_ll_usb.o
                                                  HAL/STM32F4xx_HAL_Driver/stm32f4xx_hal_pcd.o
                                                  HAL/STM32F4xx_HAL_Driver/stm32f4xx_hal_hcd.o
USB_DoPing                                        HAL/STM32F4xx_HAL_Driver/stm32f4xx_ll_usb.o
USB_DriveVbus                                     HAL/STM32F4xx_HAL_Driver/stm32f4xx_ll_usb.o
                                                  HAL/STM32F4xx_HAL_Driver/stm32f4xx_hal_hcd.o
USB_EP0StartXfer                                  HAL/STM32F4xx_HAL_Driver/stm32f4xx_ll_usb.o
                                                  HAL/STM32F4xx_HAL_Driver/stm32f4xx_hal_pcd.o
USB_EP0_OutStart                                  HAL/STM32F4xx_HAL_Driver/stm32f4xx_ll_usb.o
                                                  HAL/STM32F4xx_HAL_Driver/stm32f4xx_hal_pcd.o
USB_EPClearStall                                  HAL/STM32F4xx_HAL_Driver/stm32f4xx_ll_usb.o
                                                  HAL/STM32F4xx_HAL_Driver/stm32f4xx_hal_pcd.o
USB_EPSetStall                                    HAL/STM32F4xx_HAL_Driver/stm32f4xx_ll_usb.o
                                                  HAL/STM32F4xx_HAL_Driver/stm32f4xx_hal_pcd.o
USB_EPStartXfer                                   HAL/STM32F4xx_HAL_Driver/stm32f4xx_ll_usb.o
                                                  HAL/STM32F4xx_HAL_Driver/stm32f4xx_hal_pcd.o
USB_EnableGlobalInt                               HAL/STM32F4xx_HAL_Driver/stm32f4xx_ll_usb.o
                                                  HAL/STM32F4xx_HAL_Driver/stm32f4xx_hal_pcd.o
                                                  HAL/STM32F4xx_HAL_Driver/stm32f4xx_hal_hcd.o
USB_FlushRxFifo                                   HAL/STM32F4xx_HAL_Driver/stm32f4xx_ll_usb.o
                                                  HAL/STM32F4xx_HAL_Driver/stm32f4xx_hal_pcd.o
USB_FlushTxFifo                                   HAL/STM32F4xx_HAL_Driver/stm32f4xx_ll_usb.o
                                                  HAL/STM32F4xx_HAL_Driver/stm32f4xx_hal_pcd.o
USB_GetCurrentFrame                               HAL/STM32F4xx_HAL_Driver/stm32f4xx_ll_usb.o
                                                  HAL/STM32F4xx_HAL_Driver/stm32f4xx_hal_hcd.o
USB_GetDevSpeed                                   HAL/STM32F4xx_HAL_Driver/stm32f4xx_ll_usb.o
                                                  HAL/STM32F4xx_HAL_Driver/stm32f4xx_hal_pcd.o
USB_GetHostSpeed                                  HAL/STM32F4xx_HAL_Driver/stm32f4xx_ll_usb.o
                                                  HAL/STM32F4xx_HAL_Driver/stm32f4xx_hal_hcd.o
USB_GetMode                                       HAL/STM32F4xx_HAL_Driver/stm32f4xx_ll_usb.o
                                                  HAL/STM32F4xx_HAL_Driver/stm32f4xx_hal_pcd.o
                                                  HAL/STM32F4xx_HAL_Driver/stm32f4xx_hal_hcd.o
USB_HC_Halt                                       HAL/STM32F4xx_HAL_Driver/stm32f4xx_ll_usb.o
                                                  HAL/STM32F4xx_HAL_Driver/stm32f4xx_hal_hcd.o
USB_HC_Init                                       HAL/STM32F4xx_HAL_Driver/stm32f4xx_ll_usb.o
                                                  HAL/STM32F4xx_HAL_Driver/stm32f4xx_hal_hcd.o
USB_HC_ReadInterrupt                              HAL/STM32F4xx_HAL_Driver/stm32f4xx_ll_usb.o
                                                  HAL/STM32F4xx_HAL_Driver/stm32f4xx_hal_hcd.o
USB_HC_StartXfer                                  HAL/STM32F4xx_HAL_Driver/stm32f4xx_ll_usb.o
                                                  HAL/STM32F4xx_HAL_Driver/stm32f4xx_hal_hcd.o
USB_HostInit                                      HAL/STM32F4xx_HAL_Driver/stm32f4xx_ll_usb.o
                                                  HAL/STM32F4xx_HAL_Driver/stm32f4xx_hal_hcd.o
USB_InitFSLSPClkSel                               HAL/STM32F4xx_HAL_Driver/stm32f4xx_ll_usb.o
                                                  HAL/STM32F4xx_HAL_Driver/stm32f4xx_hal_hcd.o
USB_ReadDevAllInEpInterrupt                       HAL/STM32F4xx_HAL_Driver/stm32f4xx_ll_usb.o
                                                  HAL/STM32F4xx_HAL_Driver/stm32f4xx_hal_pcd.o
USB_ReadDevAllOutEpInterrupt                      HAL/STM32F4xx_HAL_Driver/stm32f4xx_ll_usb.o
                                                  HAL/STM32F4xx_HAL_Driver/stm32f4xx_hal_pcd.o
USB_ReadDevInEPInterrupt                          HAL/STM32F4xx_HAL_Driver/stm32f4xx_ll_usb.o
                                                  HAL/STM32F4xx_HAL_Driver/stm32f4xx_hal_pcd.o
USB_ReadDevOutEPInterrupt                         HAL/STM32F4xx_HAL_Driver/stm32f4xx_ll_usb.o
                                                  HAL/STM32F4xx_HAL_Driver/stm32f4xx_hal_pcd.o
USB_ReadInterrupts                                HAL/STM32F4xx_HAL_Driver/stm32f4xx_ll_usb.o
                                                  HAL/STM32F4xx_HAL_Driver/stm32f4xx_hal_pcd.o
                                                  HAL/STM32F4xx_HAL_Driver/stm32f4xx_hal_hcd.o
USB_ReadPacket                                    HAL/STM32F4xx_HAL_Driver/stm32f4xx_ll_usb.o
                                                  HAL/STM32F4xx_HAL_Driver/stm32f4xx_hal_pcd.o
                                                  HAL/STM32F4xx_HAL_Driver/stm32f4xx_hal_hcd.o
USB_ResetPort                                     HAL/STM32F4xx_HAL_Driver/stm32f4xx_ll_usb.o
                                                  HAL/STM32F4xx_HAL_Driver/stm32f4xx_hal_hcd.o
USB_SetCurrentMode                                HAL/STM32F4xx_HAL_Driver/stm32f4xx_ll_usb.o
                                                  HAL/STM32F4xx_HAL_Driver/stm32f4xx_hal_pcd.o
                                                  HAL/STM32F4xx_HAL_Driver/stm32f4xx_hal_hcd.o
USB_SetDevAddress                                 HAL/STM32F4xx_HAL_Driver/stm32f4xx_ll_usb.o
                                                  HAL/STM32F4xx_HAL_Driver/stm32f4xx_hal_pcd.o
USB_SetDevSpeed                                   HAL/STM32F4xx_HAL_Driver/stm32f4xx_ll_usb.o
USB_StopDevice                                    HAL/STM32F4xx_HAL_Driver/stm32f4xx_ll_usb.o
                                                  HAL/STM32F4xx_HAL_Driver/stm32f4xx_hal_pcd.o
USB_StopHost                                      HAL/STM32F4xx_HAL_Driver/stm32f4xx_ll_usb.o
                                                  HAL/STM32F4xx_HAL_Driver/stm32f4xx_hal_hcd.o
USB_WritePacket                                   HAL/STM32F4xx_HAL_Driver/stm32f4xx_ll_usb.o
                                                  HAL/STM32F4xx_HAL_Driver/stm32f4xx_hal_pcd.o
UsageFault_Handler                                stm32f4xx_it.o
                                                  HAL/STM32F4xx_HAL_Driver/CMSIS/Device/ST/STM32F4xx/Source/startup_stm32f429xx.o
WWDG_IRQHandler                                   HAL/STM32F4xx_HAL_Driver/CMSIS/Device/ST/STM32F4xx/Source/startup_stm32f429xx.o
__deregister_frame_info                           /opt/Atollic_TrueSTUDIO_for_ARM_7.1.0/ARMTools/bin/../lib/gcc/arm-atollic-eabi/5.3.1/armv7e-m/fpu/crtbegin.o
__dso_handle                                      /opt/Atollic_TrueSTUDIO_for_ARM_7.1.0/ARMTools/bin/../lib/gcc/arm-atollic-eabi/5.3.1/armv7e-m/fpu/crtbegin.o
__init_array_end                                  /opt/Atollic_TrueSTUDIO_for_ARM_7.1.0/ARMTools/bin/../lib/gcc/arm-atollic-eabi/5.3.1/../../../../arm-atollic-eabi/lib/armv7e-m/fpu/libc_nano.a(lib_a-init.o)
__init_array_start                                /opt/Atollic_TrueSTUDIO_for_ARM_7.1.0/ARMTools/bin/../lib/gcc/arm-atollic-eabi/5.3.1/../../../../arm-atollic-eabi/lib/armv7e-m/fpu/libc_nano.a(lib_a-init.o)
__libc_init_array                                 /opt/Atollic_TrueSTUDIO_for_ARM_7.1.0/ARMTools/bin/../lib/gcc/arm-atollic-eabi/5.3.1/../../../../arm-atollic-eabi/lib/armv7e-m/fpu/libc_nano.a(lib_a-init.o)
                                                  HAL/STM32F4xx_HAL_Driver/CMSIS/Device/ST/STM32F4xx/Source/startup_stm32f429xx.o
__preinit_array_end                               /opt/Atollic_TrueSTUDIO_for_ARM_7.1.0/ARMTools/bin/../lib/gcc/arm-atollic-eabi/5.3.1/../../../../arm-atollic-eabi/lib/armv7e-m/fpu/libc_nano.a(lib_a-init.o)
__preinit_array_start                             /opt/Atollic_TrueSTUDIO_for_ARM_7.1.0/ARMTools/bin/../lib/gcc/arm-atollic-eabi/5.3.1/../../../../arm-atollic-eabi/lib/armv7e-m/fpu/libc_nano.a(lib_a-init.o)
__register_frame_info                             /opt/Atollic_TrueSTUDIO_for_ARM_7.1.0/ARMTools/bin/../lib/gcc/arm-atollic-eabi/5.3.1/armv7e-m/fpu/crtbegin.o
_ebss                                             HAL/STM32F4xx_HAL_Driver/CMSIS/Device/ST/STM32F4xx/Source/startup_stm32f429xx.o
_edata                                            HAL/STM32F4xx_HAL_Driver/CMSIS/Device/ST/STM32F4xx/Source/startup_stm32f429xx.o
_estack                                           HAL/STM32F4xx_HAL_Driver/CMSIS/Device/ST/STM32F4xx/Source/startup_stm32f429xx.o
_fini                                             /opt/Atollic_TrueSTUDIO_for_ARM_7.1.0/ARMTools/bin/../lib/gcc/arm-atollic-eabi/5.3.1/armv7e-m/fpu/crti.o
_init                                             /opt/Atollic_TrueSTUDIO_for_ARM_7.1.0/ARMTools/bin/../lib/gcc/arm-atollic-eabi/5.3.1/armv7e-m/fpu/crti.o
                                                  /opt/Atollic_TrueSTUDIO_for_ARM_7.1.0/ARMTools/bin/../lib/gcc/arm-atollic-eabi/5.3.1/../../../../arm-atollic-eabi/lib/armv7e-m/fpu/libc_nano.a(lib_a-init.o)
_sbss                                             HAL/STM32F4xx_HAL_Driver/CMSIS/Device/ST/STM32F4xx/Source/startup_stm32f429xx.o
_sdata                                            HAL/STM32F4xx_HAL_Driver/CMSIS/Device/ST/STM32F4xx/Source/startup_stm32f429xx.o
_sidata                                           HAL/STM32F4xx_HAL_Driver/CMSIS/Device/ST/STM32F4xx/Source/startup_stm32f429xx.o
currentTask                                       RTOS/source/OsKernel.o
                                                  RTOS/source/arch/OsPort_M7_a.o
                                                  RTOS/source/OsTask.o
                                                  RTOS/source/OsSem.o
                                                  RTOS/source/OsQueue.o
g_pfnVectors                                      HAL/STM32F4xx_HAL_Driver/CMSIS/Device/ST/STM32F4xx/Source/startup_stm32f429xx.o
highPrioTask                                      RTOS/source/OsKernel.o
                                                  RTOS/source/arch/OsPort_M7_a.o
idleTaskStack                                     RTOS/source/OsKernel.o
irqCounter                                        RTOS/source/OsKernel.o
main                                              main.o
                                                  HAL/STM32F4xx_HAL_Driver/CMSIS/Device/ST/STM32F4xx/Source/startup_stm32f429xx.o
memset                                            /opt/Atollic_TrueSTUDIO_for_ARM_7.1.0/ARMTools/bin/../lib/gcc/arm-atollic-eabi/5.3.1/../../../../arm-atollic-eabi/lib/armv7e-m/fpu/libc_nano.a(lib_a-memset.o)
                                                  RTOS/source/OsSem.o
                                                  RTOS/source/OsQueue.o
                                                  HAL/STM32F4xx_HAL_Driver/stm32f4xx_hal_sd.o
osConfigured                                      RTOS/source/OsKernel.o
osMainStk                                         RTOS/source/OsKernel.o
                                                  RTOS/source/arch/OsPort_M7_a.o
osRunning                                         RTOS/source/OsKernel.o
                                                  RTOS/source/arch/OsPort_M7_a.o
pFlash                                            HAL/STM32F4xx_HAL_Driver/stm32f4xx_hal_flash.o
                                                  HAL/STM32F4xx_HAL_Driver/stm32f4xx_hal_flash_ex.o
queueTbl                                          RTOS/source/OsQueue.o
semTbl                                            RTOS/source/OsSem.o
taskPrioList                                      RTOS/source/OsKernel.o
                                                  RTOS/source/OsTask.o
                                                  RTOS/source/OsSem.o
                                                  RTOS/source/OsQueue.o
taskTbl                                           RTOS/source/OsTask.o
tasksCount                                        RTOS/source/OsTask.o
tcbPtrTbl                                         RTOS/source/OsTask.o
                                                  RTOS/source/OsSem.o
                                                  RTOS/source/OsQueue.o
                                                  RTOS/source/OsKernel.o
tickCounter                                       RTOS/source/OsKernel.o
uLipeEnterCritical                                RTOS/source/arch/OsPort_M7_a.o
                                                  RTOS/source/arch/OsPort_M7.o
                                                  RTOS/source/OsTask.o
                                                  RTOS/source/OsSem.o
                                                  RTOS/source/OsQueue.o
uLipeExitCritical                                 RTOS/source/arch/OsPort_M7_a.o
                                                  RTOS/source/arch/OsPort_M7.o
                                                  RTOS/source/OsTask.o
                                                  RTOS/source/OsSem.o
                                                  RTOS/source/OsQueue.o
uLipeInitMachine                                  RTOS/source/arch/OsPort_M7.o
                                                  RTOS/source/OsKernel.o
uLipeKernelFindHighPrio                           RTOS/source/arch/OsPort_M7_a.o
                                                  RTOS/source/OsSem.o
                                                  RTOS/source/OsQueue.o
                                                  RTOS/source/OsKernel.o
uLipeKernelIdleTask                               RTOS/source/OsKernel.o
uLipeKernelIrqIn                                  RTOS/source/OsKernel.o
uLipeKernelIrqOut                                 RTOS/source/OsKernel.o
uLipeKernelObjCopy                                RTOS/source/OsKernel.o
uLipeKernelObjSet                                 RTOS/source/OsKernel.o
                                                  RTOS/source/OsTask.o
uLipeKernelRtosTick                               RTOS/source/OsKernel.o
                                                  RTOS/source/arch/OsPort_M7_a.o
uLipeKernelTaskYield                              RTOS/source/OsKernel.o
                                                  RTOS/source/OsTask.o
                                                  RTOS/source/OsSem.o
                                                  RTOS/source/OsQueue.o
uLipeMemCpy                                       RTOS/source/arch/OsPort_M7_a.o
uLipeMemSet                                       RTOS/source/arch/OsPort_M7_a.o
uLipePortChange                                   RTOS/source/arch/OsPort_M7.o
                                                  RTOS/source/OsKernel.o
uLipeQueueCreate                                  RTOS/source/OsQueue.o
uLipeQueueDelete                                  RTOS/source/OsQueue.o
uLipeQueueFlush                                   RTOS/source/OsQueue.o
uLipeQueueInit                                    RTOS/source/OsQueue.o
                                                  RTOS/source/OsKernel.o
uLipeQueueInsert                                  RTOS/source/OsQueue.o
uLipeQueueRemove                                  RTOS/source/OsQueue.o
uLipeRtosInit                                     RTOS/source/OsKernel.o
                                                  main.o
uLipeRtosStart                                    RTOS/source/OsKernel.o
                                                  main.o
uLipeSemCreate                                    RTOS/source/OsSem.o
uLipeSemDelete                                    RTOS/source/OsSem.o
uLipeSemGive                                      RTOS/source/OsSem.o
uLipeSemInit                                      RTOS/source/OsSem.o
                                                  RTOS/source/OsKernel.o
uLipeSemTake                                      RTOS/source/OsSem.o
uLipeStackInit                                    RTOS/source/arch/OsPort_M7.o
                                                  RTOS/source/OsTask.o
uLipeTaskCreate                                   RTOS/source/OsTask.o
                                                  main.o
                                                  RTOS/source/OsKernel.o
uLipeTaskDelay                                    RTOS/source/OsTask.o
                                                  main.o
uLipeTaskDelete                                   RTOS/source/OsTask.o
                                                  RTOS/source/OsKernel.o
uLipeTaskEntry                                    RTOS/source/OsKernel.o
                                                  RTOS/source/OsTask.o
uLipeTaskInit                                     RTOS/source/OsTask.o
                                                  RTOS/source/OsKernel.o
uLipeTaskResume                                   RTOS/source/OsTask.o
uLipeTaskSuspend                                  RTOS/source/OsTask.o
                                                  RTOS/source/OsKernel.o
uwTick                                            HAL/STM32F4xx_HAL_Driver/stm32f4xx_hal.o
