stm32f4xx_hal_usart.c:228:19:HAL_USART_Init	16	static
stm32f4xx_hal_usart.c:274:19:HAL_USART_DeInit	16	static
stm32f4xx_hal_usart.c:308:14:HAL_USART_MspInit	16	static
stm32f4xx_hal_usart.c:323:14:HAL_USART_MspDeInit	16	static
stm32f4xx_hal_usart.c:406:19:HAL_USART_Transmit	40	static
stm32f4xx_hal_usart.c:487:19:HAL_USART_Receive	40	static
stm32f4xx_hal_usart.c:593:19:HAL_USART_TransmitReceive	40	static
stm32f4xx_hal_usart.c:707:19:HAL_USART_Transmit_IT	24	static
stm32f4xx_hal_usart.c:756:19:HAL_USART_Receive_IT	24	static
stm32f4xx_hal_usart.c:803:19:HAL_USART_TransmitReceive_IT	24	static
stm32f4xx_hal_usart.c:855:19:HAL_USART_Transmit_DMA	32	static
stm32f4xx_hal_usart.c:919:19:HAL_USART_Receive_DMA	32	static
stm32f4xx_hal_usart.c:1012:19:HAL_USART_TransmitReceive_DMA	32	static
stm32f4xx_hal_usart.c:1099:19:HAL_USART_DMAPause	16	static
stm32f4xx_hal_usart.c:1119:19:HAL_USART_DMAResume	16	static
stm32f4xx_hal_usart.c:1139:19:HAL_USART_DMAStop	24	static
stm32f4xx_hal_usart.c:1196:19:HAL_USART_Abort	16	static
stm32f4xx_hal_usart.c:1262:19:HAL_USART_Abort_IT	24	static
stm32f4xx_hal_usart.c:1375:6:HAL_USART_IRQHandler	40	static
stm32f4xx_hal_usart.c:1519:14:HAL_USART_TxCpltCallback	16	static
stm32f4xx_hal_usart.c:1534:14:HAL_USART_TxHalfCpltCallback	16	static
stm32f4xx_hal_usart.c:1549:13:HAL_USART_RxCpltCallback	16	static
stm32f4xx_hal_usart.c:1564:13:HAL_USART_RxHalfCpltCallback	16	static
stm32f4xx_hal_usart.c:1579:13:HAL_USART_TxRxCpltCallback	16	static
stm32f4xx_hal_usart.c:1594:14:HAL_USART_ErrorCallback	16	static
stm32f4xx_hal_usart.c:1608:13:HAL_USART_AbortCpltCallback	16	static
stm32f4xx_hal_usart.c:1647:24:HAL_USART_GetState	16	static
stm32f4xx_hal_usart.c:1658:10:HAL_USART_GetError	16	static
stm32f4xx_hal_usart.c:1672:13:USART_DMATransmitCplt	24	static
stm32f4xx_hal_usart.c:1705:13:USART_DMATxHalfCplt	24	static
stm32f4xx_hal_usart.c:1717:13:USART_DMAReceiveCplt	24	static
stm32f4xx_hal_usart.c:1771:13:USART_DMARxHalfCplt	24	static
stm32f4xx_hal_usart.c:1783:13:USART_DMAError	24	static
stm32f4xx_hal_usart.c:1820:26:USART_WaitOnFlagUntilTimeout	24	static
stm32f4xx_hal_usart.c:1859:13:USART_EndTxTransfer	16	static
stm32f4xx_hal_usart.c:1873:13:USART_EndRxTransfer	16	static
stm32f4xx_hal_usart.c:1889:13:USART_DMAAbortOnError	24	static
stm32f4xx_hal_usart.c:1906:13:USART_DMATxAbortCallback	24	static
stm32f4xx_hal_usart.c:1943:13:USART_DMARxAbortCallback	24	static
stm32f4xx_hal_usart.c:1979:26:USART_Transmit_IT	24	static
stm32f4xx_hal_usart.c:2025:26:USART_EndTransmit_IT	16	static
stm32f4xx_hal_usart.c:2046:26:USART_Receive_IT	24	static
stm32f4xx_hal_usart.c:2118:26:USART_TransmitReceive_IT	24	static
stm32f4xx_hal_usart.c:2221:13:USART_SetConfig	40	static
