stm32f4xx_hal_ltdc.c:161:19:HAL_LTDC_Init	24	static
stm32f4xx_hal_ltdc.c:254:19:HAL_LTDC_DeInit	16	static
stm32f4xx_hal_ltdc.c:277:13:HAL_LTDC_MspInit	16	static
stm32f4xx_hal_ltdc.c:292:13:HAL_LTDC_MspDeInit	16	static
stm32f4xx_hal_ltdc.c:324:6:HAL_LTDC_IRQHandler	16	static
stm32f4xx_hal_ltdc.c:424:13:HAL_LTDC_ErrorCallback	16	static
stm32f4xx_hal_ltdc.c:439:13:HAL_LTDC_LineEventCallback	16	static
stm32f4xx_hal_ltdc.c:455:13:HAL_LTDC_ReloadEventCallback	16	static
stm32f4xx_hal_ltdc.c:505:19:HAL_LTDC_ConfigLayer	32	static
stm32f4xx_hal_ltdc.c:554:19:HAL_LTDC_ConfigColorKeying	24	static
stm32f4xx_hal_ltdc.c:592:19:HAL_LTDC_ConfigCLUT	40	static
stm32f4xx_hal_ltdc.c:642:19:HAL_LTDC_EnableColorKeying	16	static
stm32f4xx_hal_ltdc.c:677:19:HAL_LTDC_DisableColorKeying	16	static
stm32f4xx_hal_ltdc.c:712:19:HAL_LTDC_EnableCLUT	16	static
stm32f4xx_hal_ltdc.c:748:19:HAL_LTDC_DisableCLUT	16	static
stm32f4xx_hal_ltdc.c:782:19:HAL_LTDC_EnableDither	16	static
stm32f4xx_hal_ltdc.c:809:19:HAL_LTDC_DisableDither	16	static
stm32f4xx_hal_ltdc.c:840:19:HAL_LTDC_SetWindowSize	32	static
stm32f4xx_hal_ltdc.c:902:19:HAL_LTDC_SetWindowPosition	32	static
stm32f4xx_hal_ltdc.c:955:19:HAL_LTDC_SetPixelFormat	32	static
stm32f4xx_hal_ltdc.c:1000:19:HAL_LTDC_SetAlpha	32	static
stm32f4xx_hal_ltdc.c:1044:19:HAL_LTDC_SetAddress	32	static
stm32f4xx_hal_ltdc.c:1091:19:HAL_LTDC_SetPitch	40	static
stm32f4xx_hal_ltdc.c:1159:19:HAL_LTDC_ProgramLineEvent	16	static
stm32f4xx_hal_ltdc.c:1194:20:HAL_LTDC_Relaod	16	static
stm32f4xx_hal_ltdc.c:1232:19:HAL_LTDC_ConfigLayer_NoReload	32	static
stm32f4xx_hal_ltdc.c:1282:19:HAL_LTDC_SetWindowSize_NoReload	32	static
stm32f4xx_hal_ltdc.c:1344:19:HAL_LTDC_SetWindowPosition_NoReload	32	static
stm32f4xx_hal_ltdc.c:1397:19:HAL_LTDC_SetPixelFormat_NoReload	32	static
stm32f4xx_hal_ltdc.c:1442:19:HAL_LTDC_SetAlpha_NoReload	32	static
stm32f4xx_hal_ltdc.c:1487:19:HAL_LTDC_SetAddress_NoReload	32	static
stm32f4xx_hal_ltdc.c:1534:19:HAL_LTDC_SetPitch_NoReload	40	static
stm32f4xx_hal_ltdc.c:1603:19:HAL_LTDC_ConfigColorKeying_NoReload	24	static
stm32f4xx_hal_ltdc.c:1639:19:HAL_LTDC_EnableColorKeying_NoReload	16	static
stm32f4xx_hal_ltdc.c:1674:19:HAL_LTDC_DisableColorKeying_NoReload	16	static
stm32f4xx_hal_ltdc.c:1709:19:HAL_LTDC_EnableCLUT_NoReload	16	static
stm32f4xx_hal_ltdc.c:1745:19:HAL_LTDC_DisableCLUT_NoReload	16	static
stm32f4xx_hal_ltdc.c:1797:23:HAL_LTDC_GetState	16	static
stm32f4xx_hal_ltdc.c:1808:10:HAL_LTDC_GetError	16	static
stm32f4xx_hal_ltdc.c:1826:13:LTDC_SetConfig	40	static
