stm32f4xx_hal_can.c:175:19:HAL_CAN_Init	24	static
stm32f4xx_hal_can.c:358:19:HAL_CAN_ConfigFilter	24	static
stm32f4xx_hal_can.c:476:19:HAL_CAN_DeInit	16	static
stm32f4xx_hal_can.c:509:13:HAL_CAN_MspInit	16	static
stm32f4xx_hal_can.c:524:13:HAL_CAN_MspDeInit	16	static
stm32f4xx_hal_can.c:561:19:HAL_CAN_Transmit	24	static
stm32f4xx_hal_can.c:687:19:HAL_CAN_Transmit_IT	24	static
stm32f4xx_hal_can.c:797:19:HAL_CAN_Receive	32	static
stm32f4xx_hal_can.c:902:19:HAL_CAN_Receive_IT	24	static
stm32f4xx_hal_can.c:967:19:HAL_CAN_Sleep	24	static
stm32f4xx_hal_can.c:1022:19:HAL_CAN_WakeUp	24	static
stm32f4xx_hal_can.c:1074:6:HAL_CAN_IRQHandler	32	static
stm32f4xx_hal_can.c:1198:13:HAL_CAN_TxCpltCallback	16	static
stm32f4xx_hal_can.c:1213:13:HAL_CAN_RxCpltCallback	16	static
stm32f4xx_hal_can.c:1228:13:HAL_CAN_ErrorCallback	16	static
stm32f4xx_hal_can.c:1263:22:HAL_CAN_GetState	16	static
stm32f4xx_hal_can.c:1275:10:HAL_CAN_GetError	16	static
stm32f4xx_hal_can.c:1289:26:CAN_Transmit_IT	16	static
stm32f4xx_hal_can.c:1330:26:CAN_Receive_IT	16	static
