stm32f4xx_hal_smartcard.c:245:19:HAL_SMARTCARD_Init	16	static
stm32f4xx_hal_smartcard.c:311:19:HAL_SMARTCARD_DeInit	16	static
stm32f4xx_hal_smartcard.c:346:14:HAL_SMARTCARD_MspInit	16	static
stm32f4xx_hal_smartcard.c:361:14:HAL_SMARTCARD_MspDeInit	16	static
stm32f4xx_hal_smartcard.c:432:19:HAL_SMARTCARD_Transmit	40	static
stm32f4xx_hal_smartcard.c:495:19:HAL_SMARTCARD_Receive	40	static
stm32f4xx_hal_smartcard.c:554:19:HAL_SMARTCARD_Transmit_IT	24	static
stm32f4xx_hal_smartcard.c:602:19:HAL_SMARTCARD_Receive_IT	24	static
stm32f4xx_hal_smartcard.c:647:19:HAL_SMARTCARD_Transmit_DMA	32	static
stm32f4xx_hal_smartcard.c:709:19:HAL_SMARTCARD_Receive_DMA	32	static
stm32f4xx_hal_smartcard.c:776:19:HAL_SMARTCARD_Abort	16	static
stm32f4xx_hal_smartcard.c:840:19:HAL_SMARTCARD_AbortTransmit	16	static
stm32f4xx_hal_smartcard.c:882:19:HAL_SMARTCARD_AbortReceive	16	static
stm32f4xx_hal_smartcard.c:927:19:HAL_SMARTCARD_Abort_IT	24	static
stm32f4xx_hal_smartcard.c:1048:19:HAL_SMARTCARD_AbortTransmit_IT	16	static
stm32f4xx_hal_smartcard.c:1113:19:HAL_SMARTCARD_AbortReceive_IT	16	static
stm32f4xx_hal_smartcard.c:1171:6:HAL_SMARTCARD_IRQHandler	40	static
stm32f4xx_hal_smartcard.c:1296:14:HAL_SMARTCARD_TxCpltCallback	16	static
stm32f4xx_hal_smartcard.c:1311:13:HAL_SMARTCARD_RxCpltCallback	16	static
stm32f4xx_hal_smartcard.c:1326:14:HAL_SMARTCARD_ErrorCallback	16	static
stm32f4xx_hal_smartcard.c:1340:13:HAL_SMARTCARD_AbortCpltCallback	16	static
stm32f4xx_hal_smartcard.c:1355:13:HAL_SMARTCARD_AbortTransmitCpltCallback	16	static
stm32f4xx_hal_smartcard.c:1370:13:HAL_SMARTCARD_AbortReceiveCpltCallback	16	static
stm32f4xx_hal_smartcard.c:1405:28:HAL_SMARTCARD_GetState	24	static
stm32f4xx_hal_smartcard.c:1420:10:HAL_SMARTCARD_GetError	16	static
stm32f4xx_hal_smartcard.c:1435:13:SMARTCARD_DMATransmitCplt	24	static
stm32f4xx_hal_smartcard.c:1455:13:SMARTCARD_DMAReceiveCplt	24	static
stm32f4xx_hal_smartcard.c:1481:13:SMARTCARD_DMAError	24	static
stm32f4xx_hal_smartcard.c:1515:26:SMARTCARD_WaitOnFlagUntilTimeout	24	static
stm32f4xx_hal_smartcard.c:1547:13:SMARTCARD_EndTxTransfer	16	static
stm32f4xx_hal_smartcard.c:1562:13:SMARTCARD_EndRxTransfer	16	static
stm32f4xx_hal_smartcard.c:1578:26:SMARTCARD_Transmit_IT	24	static
stm32f4xx_hal_smartcard.c:1612:26:SMARTCARD_EndTransmit_IT	16	static
stm32f4xx_hal_smartcard.c:1634:26:SMARTCARD_Receive_IT	24	static
stm32f4xx_hal_smartcard.c:1676:13:SMARTCARD_DMAAbortOnError	24	static
stm32f4xx_hal_smartcard.c:1693:13:SMARTCARD_DMATxAbortCallback	24	static
stm32f4xx_hal_smartcard.c:1731:13:SMARTCARD_DMARxAbortCallback	24	static
stm32f4xx_hal_smartcard.c:1769:13:SMARTCARD_DMATxOnlyAbortCallback	24	static
stm32f4xx_hal_smartcard.c:1790:13:SMARTCARD_DMARxOnlyAbortCallback	24	static
stm32f4xx_hal_smartcard.c:1809:13:SMARTCARD_SetConfig	40	static
