stm32f4xx_hal_hcd.c:131:19:HAL_HCD_Init	72	static
stm32f4xx_hal_hcd.c:188:19:HAL_HCD_HC_Init	48	static
stm32f4xx_hal_hcd.c:227:19:HAL_HCD_HC_Halt	24	static
stm32f4xx_hal_hcd.c:243:19:HAL_HCD_DeInit	16	static
stm32f4xx_hal_hcd.c:268:14:HAL_HCD_MspInit	16	static
stm32f4xx_hal_hcd.c:282:14:HAL_HCD_MspDeInit	16	static
stm32f4xx_hal_hcd.c:333:19:HAL_HCD_HC_SubmitRequest	16	static
stm32f4xx_hal_hcd.c:457:6:HAL_HCD_IRQHandler	32	static
stm32f4xx_hal_hcd.c:560:13:HAL_HCD_SOF_Callback	16	static
stm32f4xx_hal_hcd.c:574:13:HAL_HCD_Connect_Callback	16	static
stm32f4xx_hal_hcd.c:588:13:HAL_HCD_Disconnect_Callback	16	static
stm32f4xx_hal_hcd.c:612:13:HAL_HCD_HC_NotifyURBChange_Callback	16	static
stm32f4xx_hal_hcd.c:647:19:HAL_HCD_Start	16	static
stm32f4xx_hal_hcd.c:662:19:HAL_HCD_Stop	16	static
stm32f4xx_hal_hcd.c:675:19:HAL_HCD_ResetPort	16	static
stm32f4xx_hal_hcd.c:704:18:HAL_HCD_GetState	16	static
stm32f4xx_hal_hcd.c:723:21:HAL_HCD_HC_GetURBState	16	static
stm32f4xx_hal_hcd.c:736:10:HAL_HCD_HC_GetXferCount	16	static
stm32f4xx_hal_hcd.c:758:21:HAL_HCD_HC_GetState	16	static
stm32f4xx_hal_hcd.c:768:10:HAL_HCD_GetCurrentFrame	16	static
stm32f4xx_hal_hcd.c:778:10:HAL_HCD_GetCurrentSpeed	16	static
stm32f4xx_hal_hcd.c:801:13:HCD_HC_IN_IRQHandler	32	static
stm32f4xx_hal_hcd.c:944:13:HCD_HC_OUT_IRQHandler	32	static
stm32f4xx_hal_hcd.c:1087:13:HCD_RXQLVL_IRQHandler	40	static
stm32f4xx_hal_hcd.c:1140:13:HCD_Port_IRQHandler	32	static
