stm32f4xx_hal_nor.c:181:19:HAL_NOR_Init	24	static
stm32f4xx_hal_nor.c:231:19:HAL_NOR_DeInit	16	static
stm32f4xx_hal_nor.c:254:13:HAL_NOR_MspInit	16	static
stm32f4xx_hal_nor.c:269:13:HAL_NOR_MspDeInit	16	static
stm32f4xx_hal_nor.c:285:13:HAL_NOR_MspWait	16	static
stm32f4xx_hal_nor.c:318:19:HAL_NOR_Read_ID	24	static
stm32f4xx_hal_nor.c:377:19:HAL_NOR_ReturnToReadMode	24	static
stm32f4xx_hal_nor.c:426:19:HAL_NOR_Read	32	static
stm32f4xx_hal_nor.c:484:19:HAL_NOR_Program	32	static
stm32f4xx_hal_nor.c:544:19:HAL_NOR_ReadBuffer	32	static
stm32f4xx_hal_nor.c:609:19:HAL_NOR_ProgramBuffer	40	static
stm32f4xx_hal_nor.c:688:19:HAL_NOR_Erase_Block	32	static
stm32f4xx_hal_nor.c:746:19:HAL_NOR_Erase_Chip	24	static
stm32f4xx_hal_nor.c:803:19:HAL_NOR_Read_CFI	24	static
stm32f4xx_hal_nor.c:879:19:HAL_NOR_WriteOperation_Enable	16	static
stm32f4xx_hal_nor.c:901:19:HAL_NOR_WriteOperation_Disable	16	static
stm32f4xx_hal_nor.c:945:22:HAL_NOR_GetState	16	static
stm32f4xx_hal_nor.c:958:23:HAL_NOR_GetStatus	40	static
