stm32f4xx_hal_rtc.c:203:19:HAL_RTC_Init	16	static
stm32f4xx_hal_rtc.c:278:19:HAL_RTC_DeInit	24	static
stm32f4xx_hal_rtc.c:378:13:HAL_RTC_MspInit	16	static
stm32f4xx_hal_rtc.c:393:13:HAL_RTC_MspDeInit	16	static
stm32f4xx_hal_rtc.c:431:19:HAL_RTC_SetTime	40	static
stm32f4xx_hal_rtc.c:563:19:HAL_RTC_GetTime	32	static
stm32f4xx_hal_rtc.c:608:19:HAL_RTC_SetDate	40	static
stm32f4xx_hal_rtc.c:720:19:HAL_RTC_GetDate	32	static
stm32f4xx_hal_rtc.c:775:19:HAL_RTC_SetAlarm	48	static
stm32f4xx_hal_rtc.c:961:19:HAL_RTC_SetAlarm_IT	48	static
stm32f4xx_hal_rtc.c:1147:19:HAL_RTC_DeactivateAlarm	24	static
stm32f4xx_hal_rtc.c:1244:19:HAL_RTC_GetAlarm	32	static
stm32f4xx_hal_rtc.c:1295:6:HAL_RTC_AlarmIRQHandler	16	static
stm32f4xx_hal_rtc.c:1336:13:HAL_RTC_AlarmAEventCallback	16	static
stm32f4xx_hal_rtc.c:1352:19:HAL_RTC_PollForAlarmAEvent	24	static
stm32f4xx_hal_rtc.c:1414:19:HAL_RTC_WaitForSynchro	24	static
stm32f4xx_hal_rtc.c:1460:21:HAL_RTC_GetState	16	static
stm32f4xx_hal_rtc.c:1477:19:RTC_EnterInitMode	24	static
stm32f4xx_hal_rtc.c:1509:9:RTC_ByteToBcd2	24	static
stm32f4xx_hal_rtc.c:1527:9:RTC_Bcd2ToByte	24	static
