stm32f4xx_hal_sd.c:342:21:HAL_SD_Init	72	static
stm32f4xx_hal_sd.c:399:19:HAL_SD_DeInit	16	static
stm32f4xx_hal_sd.c:417:13:HAL_SD_MspInit	16	static
stm32f4xx_hal_sd.c:431:13:HAL_SD_MspDeInit	16	static
stm32f4xx_hal_sd.c:470:21:HAL_SD_ReadBlocks	88	static
stm32f4xx_hal_sd.c:664:21:HAL_SD_WriteBlocks	104	static
stm32f4xx_hal_sd.c:892:21:HAL_SD_ReadBlocks_DMA	88	static
stm32f4xx_hal_sd.c:1016:21:HAL_SD_WriteBlocks_DMA	88	static
stm32f4xx_hal_sd.c:1139:21:HAL_SD_CheckReadOperation	40	static
stm32f4xx_hal_sd.c:1199:21:HAL_SD_CheckWriteOperation	40	static
stm32f4xx_hal_sd.c:1262:21:HAL_SD_Erase	80	static
stm32f4xx_hal_sd.c:1366:6:HAL_SD_IRQHandler	16	static
stm32f4xx_hal_sd.c:1447:13:HAL_SD_XferCpltCallback	16	static
stm32f4xx_hal_sd.c:1461:13:HAL_SD_XferErrorCallback	16	static
stm32f4xx_hal_sd.c:1476:13:HAL_SD_DMA_RxCpltCallback	16	static
stm32f4xx_hal_sd.c:1491:13:HAL_SD_DMA_RxErrorCallback	16	static
stm32f4xx_hal_sd.c:1506:13:HAL_SD_DMA_TxCpltCallback	16	static
stm32f4xx_hal_sd.c:1521:13:HAL_SD_DMA_TxErrorCallback	16	static
stm32f4xx_hal_sd.c:1556:21:HAL_SD_Get_CardInfo	32	static
stm32f4xx_hal_sd.c:1772:21:HAL_SD_WideBusOperation_Config	72	static
stm32f4xx_hal_sd.c:1826:21:HAL_SD_StopTransfer	40	static
stm32f4xx_hal_sd.c:1853:21:HAL_SD_HighSpeed	160	static
stm32f4xx_hal_sd.c:2021:21:HAL_SD_SendSDStatus	80	static
stm32f4xx_hal_sd.c:2163:29:HAL_SD_GetStatus	24	static
stm32f4xx_hal_sd.c:2192:21:HAL_SD_GetCardStatus	88	static
stm32f4xx_hal_sd.c:2287:13:SD_DMA_RxCplt	24	static
stm32f4xx_hal_sd.c:2312:13:SD_DMA_RxError	24	static
stm32f4xx_hal_sd.c:2326:13:SD_DMA_TxCplt	24	static
stm32f4xx_hal_sd.c:2351:13:SD_DMA_TxError	24	static
stm32f4xx_hal_sd.c:2364:32:SD_GetState	24	static
stm32f4xx_hal_sd.c:2384:28:SD_Initialize_Cards	48	static
stm32f4xx_hal_sd.c:2476:28:SD_Select_Deselect	48	static
stm32f4xx_hal_sd.c:2502:28:SD_PowerON	56	static
stm32f4xx_hal_sd.c:2643:28:SD_PowerOFF	24	static
stm32f4xx_hal_sd.c:2660:28:SD_SendStatus	40	static
stm32f4xx_hal_sd.c:2699:28:SD_CmdError	32	static
stm32f4xx_hal_sd.c:2731:28:SD_CmdResp7Error	32	static
stm32f4xx_hal_sd.c:2775:28:SD_CmdResp1Error	24	static
stm32f4xx_hal_sd.c:2923:28:SD_CmdResp3Error	24	static
stm32f4xx_hal_sd.c:2951:28:SD_CmdResp2Error	24	static
stm32f4xx_hal_sd.c:2994:28:SD_CmdResp6Error	32	static
stm32f4xx_hal_sd.c:3068:28:SD_WideBus_Enable	48	static
stm32f4xx_hal_sd.c:3137:28:SD_WideBus_Disable	48	static
stm32f4xx_hal_sd.c:3208:28:SD_FindSCR	88	static
stm32f4xx_hal_sd.c:3335:28:SD_IsCardProgramming	48	static
