stm32f4xx_hal_rtc_ex.c:159:19:HAL_RTCEx_SetTimeStamp	32	static
stm32f4xx_hal_rtc_ex.c:219:19:HAL_RTCEx_SetTimeStamp_IT	32	static
stm32f4xx_hal_rtc_ex.c:276:19:HAL_RTCEx_DeactivateTimeStamp	24	static
stm32f4xx_hal_rtc_ex.c:320:19:HAL_RTCEx_GetTimeStamp	32	static
stm32f4xx_hal_rtc_ex.c:372:19:HAL_RTCEx_SetTamper	24	static
stm32f4xx_hal_rtc_ex.c:422:19:HAL_RTCEx_SetTamper_IT	24	static
stm32f4xx_hal_rtc_ex.c:492:19:HAL_RTCEx_DeactivateTamper	16	static
stm32f4xx_hal_rtc_ex.c:518:6:HAL_RTCEx_TamperTimeStampIRQHandler	16	static
stm32f4xx_hal_rtc_ex.c:573:13:HAL_RTCEx_TimeStampEventCallback	16	static
stm32f4xx_hal_rtc_ex.c:588:13:HAL_RTCEx_Tamper1EventCallback	16	static
stm32f4xx_hal_rtc_ex.c:603:13:HAL_RTCEx_Tamper2EventCallback	16	static
stm32f4xx_hal_rtc_ex.c:619:19:HAL_RTCEx_PollForTimeStampEvent	24	static
stm32f4xx_hal_rtc_ex.c:662:19:HAL_RTCEx_PollForTamper1Event	24	static
stm32f4xx_hal_rtc_ex.c:698:19:HAL_RTCEx_PollForTamper2Event	24	static
stm32f4xx_hal_rtc_ex.c:753:19:HAL_RTCEx_SetWakeUpTimer	32	static
stm32f4xx_hal_rtc_ex.c:844:19:HAL_RTCEx_SetWakeUpTimer_IT	32	static
stm32f4xx_hal_rtc_ex.c:944:10:HAL_RTCEx_DeactivateWakeUpTimer	24	static
stm32f4xx_hal_rtc_ex.c:999:10:HAL_RTCEx_GetWakeUpTimer	16	static
stm32f4xx_hal_rtc_ex.c:1011:6:HAL_RTCEx_WakeUpTimerIRQHandler	16	static
stm32f4xx_hal_rtc_ex.c:1039:13:HAL_RTCEx_WakeUpTimerEventCallback	16	static
stm32f4xx_hal_rtc_ex.c:1055:19:HAL_RTCEx_PollForWakeUpTimerEvent	24	static
stm32f4xx_hal_rtc_ex.c:1125:6:HAL_RTCEx_BKUPWrite	32	static
stm32f4xx_hal_rtc_ex.c:1148:10:HAL_RTCEx_BKUPRead	24	static
stm32f4xx_hal_rtc_ex.c:1179:19:HAL_RTCEx_SetCoarseCalib	24	static
stm32f4xx_hal_rtc_ex.c:1237:19:HAL_RTCEx_DeactivateCoarseCalib	16	static
stm32f4xx_hal_rtc_ex.c:1302:19:HAL_RTCEx_SetSmoothCalib	32	static
stm32f4xx_hal_rtc_ex.c:1372:19:HAL_RTCEx_SetSynchroShift	32	static
stm32f4xx_hal_rtc_ex.c:1467:19:HAL_RTCEx_SetCalibrationOutPut	16	static
stm32f4xx_hal_rtc_ex.c:1506:19:HAL_RTCEx_DeactivateCalibrationOutPut	16	static
stm32f4xx_hal_rtc_ex.c:1536:19:HAL_RTCEx_SetRefClock	16	static
stm32f4xx_hal_rtc_ex.c:1586:19:HAL_RTCEx_DeactivateRefClock	16	static
stm32f4xx_hal_rtc_ex.c:1638:19:HAL_RTCEx_EnableBypassShadow	16	static
stm32f4xx_hal_rtc_ex.c:1671:19:HAL_RTCEx_DisableBypassShadow	16	static
stm32f4xx_hal_rtc_ex.c:1721:13:HAL_RTCEx_AlarmBEventCallback	16	static
stm32f4xx_hal_rtc_ex.c:1737:19:HAL_RTCEx_PollForAlarmBEvent	24	static
