stm32f4xx_hal_dcmi.c:146:26:HAL_DCMI_Init	40	static
stm32f4xx_hal_dcmi.c:213:19:HAL_DCMI_DeInit	16	static
stm32f4xx_hal_dcmi.c:236:13:HAL_DCMI_MspInit	16	static
stm32f4xx_hal_dcmi.c:251:13:HAL_DCMI_MspDeInit	16	static
stm32f4xx_hal_dcmi.c:289:19:HAL_DCMI_Start_DMA	40	static
stm32f4xx_hal_dcmi.c:372:19:HAL_DCMI_Stop	24	static
stm32f4xx_hal_dcmi.c:418:19:HAL_DCMI_Suspend	24	static
stm32f4xx_hal_dcmi.c:464:19:HAL_DCMI_Resume	16	static
stm32f4xx_hal_dcmi.c:490:6:HAL_DCMI_IRQHandler	24	static
stm32f4xx_hal_dcmi.c:572:13:HAL_DCMI_ErrorCallback	16	static
stm32f4xx_hal_dcmi.c:587:13:HAL_DCMI_LineEventCallback	16	static
stm32f4xx_hal_dcmi.c:602:13:HAL_DCMI_VsyncEventCallback	16	static
stm32f4xx_hal_dcmi.c:617:13:HAL_DCMI_FrameEventCallback	16	static
stm32f4xx_hal_dcmi.c:655:19:HAL_DCMI_ConfigCrop	40	static
stm32f4xx_hal_dcmi.c:688:19:HAL_DCMI_DisableCrop	16	static
stm32f4xx_hal_dcmi.c:714:19:HAL_DCMI_EnableCrop	16	static
stm32f4xx_hal_dcmi.c:760:23:HAL_DCMI_GetState	16	static
stm32f4xx_hal_dcmi.c:771:10:HAL_DCMI_GetError	16	static
stm32f4xx_hal_dcmi.c:791:13:DCMI_DMAXferCplt	24	static
stm32f4xx_hal_dcmi.c:848:13:DCMI_DMAError	24	static
