stm32f4xx_hal_irda.c:219:19:HAL_IRDA_Init	16	static
stm32f4xx_hal_irda.c:280:19:HAL_IRDA_DeInit	16	static
stm32f4xx_hal_irda.c:316:13:HAL_IRDA_MspInit	16	static
stm32f4xx_hal_irda.c:331:13:HAL_IRDA_MspDeInit	16	static
stm32f4xx_hal_irda.c:403:19:HAL_IRDA_Transmit	40	static
stm32f4xx_hal_irda.c:485:19:HAL_IRDA_Receive	40	static
stm32f4xx_hal_irda.c:570:19:HAL_IRDA_Transmit_IT	24	static
stm32f4xx_hal_irda.c:610:19:HAL_IRDA_Receive_IT	24	static
stm32f4xx_hal_irda.c:654:19:HAL_IRDA_Transmit_DMA	32	static
stm32f4xx_hal_irda.c:718:19:HAL_IRDA_Receive_DMA	32	static
stm32f4xx_hal_irda.c:781:19:HAL_IRDA_DMAPause	24	static
stm32f4xx_hal_irda.c:818:19:HAL_IRDA_DMAResume	24	static
stm32f4xx_hal_irda.c:853:19:HAL_IRDA_DMAStop	24	static
stm32f4xx_hal_irda.c:904:19:HAL_IRDA_Abort	16	static
stm32f4xx_hal_irda.c:968:19:HAL_IRDA_AbortTransmit	16	static
stm32f4xx_hal_irda.c:1010:19:HAL_IRDA_AbortReceive	16	static
stm32f4xx_hal_irda.c:1055:19:HAL_IRDA_Abort_IT	24	static
stm32f4xx_hal_irda.c:1177:19:HAL_IRDA_AbortTransmit_IT	16	static
stm32f4xx_hal_irda.c:1242:19:HAL_IRDA_AbortReceive_IT	16	static
stm32f4xx_hal_irda.c:1300:6:HAL_IRDA_IRQHandler	40	static
stm32f4xx_hal_irda.c:1426:13:IRDA_EndTxTransfer	16	static
stm32f4xx_hal_irda.c:1440:13:IRDA_EndRxTransfer	16	static
stm32f4xx_hal_irda.c:1456:13:IRDA_DMAAbortOnError	24	static
stm32f4xx_hal_irda.c:1473:13:IRDA_DMATxAbortCallback	24	static
stm32f4xx_hal_irda.c:1511:13:IRDA_DMARxAbortCallback	24	static
stm32f4xx_hal_irda.c:1549:13:IRDA_DMATxOnlyAbortCallback	24	static
stm32f4xx_hal_irda.c:1570:13:IRDA_DMARxOnlyAbortCallback	24	static
stm32f4xx_hal_irda.c:1589:13:HAL_IRDA_TxCpltCallback	16	static
stm32f4xx_hal_irda.c:1604:13:HAL_IRDA_TxHalfCpltCallback	16	static
stm32f4xx_hal_irda.c:1619:13:HAL_IRDA_RxCpltCallback	16	static
stm32f4xx_hal_irda.c:1634:13:HAL_IRDA_RxHalfCpltCallback	16	static
stm32f4xx_hal_irda.c:1649:13:HAL_IRDA_ErrorCallback	16	static
stm32f4xx_hal_irda.c:1663:13:HAL_IRDA_AbortCpltCallback	16	static
stm32f4xx_hal_irda.c:1678:13:HAL_IRDA_AbortTransmitCpltCallback	16	static
stm32f4xx_hal_irda.c:1693:13:HAL_IRDA_AbortReceiveCpltCallback	16	static
stm32f4xx_hal_irda.c:1730:23:HAL_IRDA_GetState	24	static
stm32f4xx_hal_irda.c:1745:10:HAL_IRDA_GetError	16	static
stm32f4xx_hal_irda.c:1759:13:IRDA_DMATransmitCplt	24	static
stm32f4xx_hal_irda.c:1787:13:IRDA_DMATransmitHalfCplt	24	static
stm32f4xx_hal_irda.c:1799:13:IRDA_DMAReceiveCplt	24	static
stm32f4xx_hal_irda.c:1828:13:IRDA_DMAReceiveHalfCplt	24	static
stm32f4xx_hal_irda.c:1839:13:IRDA_DMAError	24	static
stm32f4xx_hal_irda.c:1875:26:IRDA_WaitOnFlagUntilTimeout	24	static
stm32f4xx_hal_irda.c:1908:26:IRDA_Transmit_IT	24	static
stm32f4xx_hal_irda.c:1956:26:IRDA_EndTransmit_IT	16	static
stm32f4xx_hal_irda.c:1978:26:IRDA_Receive_IT	24	static
stm32f4xx_hal_irda.c:2045:13:IRDA_SetConfig	24	static
