stm32f4xx_hal_eth.c:180:19:HAL_ETH_Init	40	static
stm32f4xx_hal_eth.c:452:19:HAL_ETH_DeInit	16	static
stm32f4xx_hal_eth.c:479:19:HAL_ETH_DMATxDescListInit	32	static
stm32f4xx_hal_eth.c:546:19:HAL_ETH_DMARxDescListInit	32	static
stm32f4xx_hal_eth.c:613:13:HAL_ETH_MspInit	16	static
stm32f4xx_hal_eth.c:628:13:HAL_ETH_MspDeInit	16	static
stm32f4xx_hal_eth.c:671:19:HAL_ETH_TransmitFrame	32	static
stm32f4xx_hal_eth.c:784:19:HAL_ETH_GetReceivedFrame	24	static
stm32f4xx_hal_eth.c:864:19:HAL_ETH_GetReceivedFrame_IT	24	static
stm32f4xx_hal_eth.c:949:6:HAL_ETH_IRQHandler	16	static
stm32f4xx_hal_eth.c:1009:13:HAL_ETH_TxCpltCallback	16	static
stm32f4xx_hal_eth.c:1024:13:HAL_ETH_RxCpltCallback	16	static
stm32f4xx_hal_eth.c:1039:13:HAL_ETH_ErrorCallback	16	static
stm32f4xx_hal_eth.c:1060:19:HAL_ETH_ReadPHYRegister	32	static
stm32f4xx_hal_eth.c:1132:19:HAL_ETH_WritePHYRegister	32	static
stm32f4xx_hal_eth.c:1224:19:HAL_ETH_Start	16	static
stm32f4xx_hal_eth.c:1263:19:HAL_ETH_Stop	16	static
stm32f4xx_hal_eth.c:1303:19:HAL_ETH_ConfigMAC	24	static
stm32f4xx_hal_eth.c:1470:19:HAL_ETH_ConfigDMA	24	static
stm32f4xx_hal_eth.c:1577:22:HAL_ETH_GetState	16	static
stm32f4xx_hal_eth.c:1602:13:ETH_MACDMAConfig	200	static
stm32f4xx_hal_eth.c:1865:13:ETH_MACAddressConfig	32	static
stm32f4xx_hal_eth.c:1889:13:ETH_MACTransmissionEnable	24	static
stm32f4xx_hal_eth.c:1909:13:ETH_MACTransmissionDisable	24	static
stm32f4xx_hal_eth.c:1929:13:ETH_MACReceptionEnable	24	static
stm32f4xx_hal_eth.c:1949:13:ETH_MACReceptionDisable	24	static
stm32f4xx_hal_eth.c:1969:13:ETH_DMATransmissionEnable	16	static
stm32f4xx_hal_eth.c:1981:13:ETH_DMATransmissionDisable	16	static
stm32f4xx_hal_eth.c:1993:13:ETH_DMAReceptionEnable	16	static
stm32f4xx_hal_eth.c:2005:13:ETH_DMAReceptionDisable	16	static
stm32f4xx_hal_eth.c:2017:13:ETH_FlushTransmitFIFO	24	static
stm32f4xx_hal_eth.c:2036:13:ETH_Delay	24	static
